Copyright 1986-2018 Xilinx, Inc. All Rights Reserved.
------------------------------------------------------------------------------------------
| Tool Version : Vivado v.2018.1 (win64) Build 2188600 Wed Apr  4 18:40:38 MDT 2018
| Date         : Thu Apr 30 13:04:51 2026
| Host         : LAPTOP-GHAKFT6C running 64-bit major release  (build 9200)
| Command      : report_control_sets -verbose -file seven_seg_top_control_sets_placed.rpt
| Design       : seven_seg_top
| Device       : xc7a35t
------------------------------------------------------------------------------------------

Control Set Information

Table of Contents
-----------------
1. Summary
2. Histogram
3. Flip-Flop Distribution
4. Detailed Control Set Information

1. Summary
----------

+----------------------------------------------------------+-------+
|                          Status                          | Count |
+----------------------------------------------------------+-------+
| Number of unique control sets                            |     3 |
| Unused register locations in slices containing registers |    15 |
+----------------------------------------------------------+-------+


2. Histogram
------------

+--------+--------------+
| Fanout | Control Sets |
+--------+--------------+
|      4 |            1 |
|    16+ |            2 |
+--------+--------------+


3. Flip-Flop Distribution
-------------------------

+--------------+-----------------------+------------------------+-----------------+--------------+
| Clock Enable | Synchronous Set/Reset | Asynchronous Set/Reset | Total Registers | Total Slices |
+--------------+-----------------------+------------------------+-----------------+--------------+
| No           | No                    | No                     |              20 |            7 |
| No           | No                    | Yes                    |               0 |            0 |
| No           | Yes                   | No                     |              25 |            7 |
| Yes          | No                    | No                     |               4 |            2 |
| Yes          | No                    | Yes                    |               0 |            0 |
| Yes          | Yes                   | No                     |               0 |            0 |
+--------------+-----------------------+------------------------+-----------------+--------------+


4. Detailed Control Set Information
-----------------------------------

+-----------------------+---------------------------+---------------------------+------------------+----------------+
|      Clock Signal     |       Enable Signal       |      Set/Reset Signal     | Slice Load Count | Bel Load Count |
+-----------------------+---------------------------+---------------------------+------------------+----------------+
|  Clk_100MHz_IBUF_BUFG | value_counter[25]_i_1_n_0 |                           |                2 |              4 |
|  Clk_100MHz_IBUF_BUFG |                           |                           |                7 |             20 |
|  Clk_100MHz_IBUF_BUFG |                           | value_counter[25]_i_1_n_0 |                7 |             25 |
+-----------------------+---------------------------+---------------------------+------------------+----------------+


