Vivado Simulator 2018.1
Copyright 1986-1999, 2001-2017 Xilinx, Inc. All Rights Reserved.
Running: C:/Xilinx/Vivado/2018.1/bin/unwrapped/win64.o/xelab.exe -wto 7cc619e52959403d95577f77770ba152 --incr --debug typical --relax --mt 2 -L xil_defaultlib -L secureip --snapshot top_alu_tb_behav xil_defaultlib.top_alu_tb -log elaborate.log 
Using 2 slave threads.
Starting static elaboration
Completed static elaboration
Starting simulation data flow analysis
Completed simulation data flow analysis
Time Resolution for simulation is 1ps
Compiling package std.standard
Compiling package std.textio
Compiling package ieee.std_logic_1164
Compiling architecture behavioral of entity xil_defaultlib.binOp [binop_default]
Compiling architecture behavioral of entity xil_defaultlib.HA [ha_default]
Compiling architecture behavioral of entity xil_defaultlib.FA [fa_default]
Compiling architecture behavioral of entity xil_defaultlib.RCA_4bit [rca_4bit_default]
Compiling architecture behavioral of entity xil_defaultlib.ADD_SUB_4bit [add_sub_4bit_default]
Compiling architecture behavioral of entity xil_defaultlib.comparator [comparator_default]
Compiling architecture behavioral of entity xil_defaultlib.top_alu [top_alu_default]
Compiling architecture behavioral of entity xil_defaultlib.top_alu_tb
Built simulation snapshot top_alu_tb_behav
