Copyright 1986-2018 Xilinx, Inc. All Rights Reserved.
-----------------------------------------------------------------------------------------------------------------------------------------------------------------------------------------------------
| Tool Version : Vivado v.2018.1 (win64) Build 2188600 Wed Apr  4 18:40:38 MDT 2018
| Date         : Sun May 10 16:00:14 2026
| Host         : LAPTOP-B9DFRR1L running 64-bit major release  (build 9200)
| Command      : report_timing_summary -max_paths 10 -file system_top_timing_summary_routed.rpt -pb system_top_timing_summary_routed.pb -rpx system_top_timing_summary_routed.rpx -warn_on_violation
| Design       : system_top
| Device       : 7a35t-cpg236
| Speed File   : -1  PRODUCTION 1.21 2018-02-08
-----------------------------------------------------------------------------------------------------------------------------------------------------------------------------------------------------

Timing Summary Report

------------------------------------------------------------------------------------------------
| Timer Settings
| --------------
------------------------------------------------------------------------------------------------

  Enable Multi Corner Analysis               :  Yes
  Enable Pessimism Removal                   :  Yes
  Pessimism Removal Resolution               :  Nearest Common Node
  Enable Input Delay Default Clock           :  No
  Enable Preset / Clear Arcs                 :  No
  Disable Flight Delays                      :  No
  Ignore I/O Paths                           :  No
  Timing Early Launch at Borrowing Latches   :  false

  Corner  Analyze    Analyze    
  Name    Max Paths  Min Paths  
  ------  ---------  ---------  
  Slow    Yes        Yes        
  Fast    Yes        Yes        



check_timing report

Table of Contents
-----------------
1. checking no_clock
2. checking constant_clock
3. checking pulse_width_clock
4. checking unconstrained_internal_endpoints
5. checking no_input_delay
6. checking no_output_delay
7. checking multiple_clock
8. checking generated_clocks
9. checking loops
10. checking partial_input_delay
11. checking partial_output_delay
12. checking latch_loops

1. checking no_clock
--------------------
 There are 0 register/latch pins with no clock.


2. checking constant_clock
--------------------------
 There are 0 register/latch pins with constant_clock.


3. checking pulse_width_clock
-----------------------------
 There are 0 register/latch pins which need pulse_width check


4. checking unconstrained_internal_endpoints
--------------------------------------------
 There are 0 pins that are not constrained for maximum delay.

 There are 0 pins that are not constrained for maximum delay due to constant clock.


5. checking no_input_delay
--------------------------
 There is 1 input port with no input delay specified. (HIGH)

 There are 0 input ports with no input delay but user has a false path constraint.


6. checking no_output_delay
---------------------------
 There are 15 ports with no output delay specified. (HIGH)

 There are 0 ports with no output delay but user has a false path constraint

 There are 0 ports with no output delay but with a timing clock defined on it or propagating through it


7. checking multiple_clock
--------------------------
 There are 0 register/latch pins with multiple clocks.


8. checking generated_clocks
----------------------------
 There are 0 generated clocks that are not connected to a clock source.


9. checking loops
-----------------
 There are 0 combinational loops in the design.


10. checking partial_input_delay
--------------------------------
 There are 0 input ports with partial input delay specified.


11. checking partial_output_delay
---------------------------------
 There are 0 ports with partial output delay specified.


12. checking latch_loops
------------------------
 There are 0 combinational latch loops in the design through latch input



------------------------------------------------------------------------------------------------
| Design Timing Summary
| ---------------------
------------------------------------------------------------------------------------------------

    WNS(ns)      TNS(ns)  TNS Failing Endpoints  TNS Total Endpoints      WHS(ns)      THS(ns)  THS Failing Endpoints  THS Total Endpoints     WPWS(ns)     TPWS(ns)  TPWS Failing Endpoints  TPWS Total Endpoints  
    -------      -------  ---------------------  -------------------      -------      -------  ---------------------  -------------------     --------     --------  ----------------------  --------------------  
      5.859        0.000                      0                   95        0.252        0.000                      0                   95        4.500        0.000                       0                    58  


All user specified timing constraints are met.


------------------------------------------------------------------------------------------------
| Clock Summary
| -------------
------------------------------------------------------------------------------------------------

Clock        Waveform(ns)       Period(ns)      Frequency(MHz)
-----        ------------       ----------      --------------
sys_clk_pin  {0.000 5.000}      10.000          100.000         


------------------------------------------------------------------------------------------------
| Intra Clock Table
| -----------------
------------------------------------------------------------------------------------------------

Clock             WNS(ns)      TNS(ns)  TNS Failing Endpoints  TNS Total Endpoints      WHS(ns)      THS(ns)  THS Failing Endpoints  THS Total Endpoints     WPWS(ns)     TPWS(ns)  TPWS Failing Endpoints  TPWS Total Endpoints  
-----             -------      -------  ---------------------  -------------------      -------      -------  ---------------------  -------------------     --------     --------  ----------------------  --------------------  
sys_clk_pin         5.859        0.000                      0                   95        0.252        0.000                      0                   95        4.500        0.000                       0                    58  


------------------------------------------------------------------------------------------------
| Inter Clock Table
| -----------------
------------------------------------------------------------------------------------------------

From Clock    To Clock          WNS(ns)      TNS(ns)  TNS Failing Endpoints  TNS Total Endpoints      WHS(ns)      THS(ns)  THS Failing Endpoints  THS Total Endpoints  
----------    --------          -------      -------  ---------------------  -------------------      -------      -------  ---------------------  -------------------  


------------------------------------------------------------------------------------------------
| Other Path Groups Table
| -----------------------
------------------------------------------------------------------------------------------------

Path Group    From Clock    To Clock          WNS(ns)      TNS(ns)  TNS Failing Endpoints  TNS Total Endpoints      WHS(ns)      THS(ns)  THS Failing Endpoints  THS Total Endpoints  
----------    ----------    --------          -------      -------  ---------------------  -------------------      -------      -------  ---------------------  -------------------  


------------------------------------------------------------------------------------------------
| Timing Details
| --------------
------------------------------------------------------------------------------------------------


---------------------------------------------------------------------------------------------------
From Clock:  sys_clk_pin
  To Clock:  sys_clk_pin

Setup :            0  Failing Endpoints,  Worst Slack        5.859ns,  Total Violation        0.000ns
Hold  :            0  Failing Endpoints,  Worst Slack        0.252ns,  Total Violation        0.000ns
PW    :            0  Failing Endpoints,  Worst Slack        4.500ns,  Total Violation        0.000ns
---------------------------------------------------------------------------------------------------


Max Delay Paths
--------------------------------------------------------------------------------------
Slack (MET) :             5.859ns  (required time - arrival time)
  Source:                 U_CPU/u_pc/U1/reg_reg[0]/C
                            (rising edge-triggered cell FDCE clocked by sys_clk_pin  {rise@0.000ns fall@5.000ns period=10.000ns})
  Destination:            U_CPU/u_regbank/REG1/reg_reg[2]/D
                            (rising edge-triggered cell FDCE clocked by sys_clk_pin  {rise@0.000ns fall@5.000ns period=10.000ns})
  Path Group:             sys_clk_pin
  Path Type:              Setup (Max at Slow Process Corner)
  Requirement:            10.000ns  (sys_clk_pin rise@10.000ns - sys_clk_pin rise@0.000ns)
  Data Path Delay:        4.052ns  (logic 1.122ns (27.687%)  route 2.930ns (72.313%))
  Logic Levels:           3  (LUT3=1 LUT5=1 LUT6=1)
  Clock Path Skew:        -0.025ns (DCD - SCD + CPR)
    Destination Clock Delay (DCD):    4.846ns = ( 14.846 - 10.000 ) 
    Source Clock Delay      (SCD):    5.145ns
    Clock Pessimism Removal (CPR):    0.274ns
  Clock Uncertainty:      0.035ns  ((TSJ^2 + TIJ^2)^1/2 + DJ) / 2 + PE
    Total System Jitter     (TSJ):    0.071ns
    Total Input Jitter      (TIJ):    0.000ns
    Discrete Jitter          (DJ):    0.000ns
    Phase Error              (PE):    0.000ns

    Location             Delay type                Incr(ns)  Path(ns)    Netlist Resource(s)
  -------------------------------------------------------------------    -------------------
                         (clock sys_clk_pin rise edge)
                                                      0.000     0.000 r  
    W5                                                0.000     0.000 r  Clk_100MHz (IN)
                         net (fo=0)                   0.000     0.000    Clk_100MHz
    W5                   IBUF (Prop_ibuf_I_O)         1.458     1.458 r  Clk_100MHz_IBUF_inst/O
                         net (fo=1, routed)           1.967     3.425    Clk_100MHz_IBUF
    BUFGCTRL_X0Y0        BUFG (Prop_bufg_I_O)         0.096     3.521 r  Clk_100MHz_IBUF_BUFG_inst/O
                         net (fo=57, routed)          1.624     5.145    U_CPU/u_pc/U1/Clk_100MHz_IBUF_BUFG
    SLICE_X2Y21          FDCE                                         r  U_CPU/u_pc/U1/reg_reg[0]/C
  -------------------------------------------------------------------    -------------------
    SLICE_X2Y21          FDCE (Prop_fdce_C_Q)         0.518     5.663 f  U_CPU/u_pc/U1/reg_reg[0]/Q
                         net (fo=14, routed)          0.970     6.633    U_CPU/u_pc/U1/Q[0]
    SLICE_X1Y22          LUT3 (Prop_lut3_I0_O)        0.153     6.786 f  U_CPU/u_pc/U1/Z_reg_i_3/O
                         net (fo=5, routed)           0.753     7.539    U_CPU/u_regbank/REG7/reg_reg[0]_0
    SLICE_X2Y23          LUT5 (Prop_lut5_I0_O)        0.327     7.866 r  U_CPU/u_regbank/REG7/reg[2]_i_2/O
                         net (fo=2, routed)           0.600     8.466    U_CPU/u_regbank/REG7/reg[2]_i_2_n_0
    SLICE_X2Y22          LUT6 (Prop_lut6_I5_O)        0.124     8.590 r  U_CPU/u_regbank/REG7/reg[2]_i_1/O
                         net (fo=2, routed)           0.608     9.198    U_CPU/u_regbank/REG1/D[2]
    SLICE_X2Y22          FDCE                                         r  U_CPU/u_regbank/REG1/reg_reg[2]/D
  -------------------------------------------------------------------    -------------------

                         (clock sys_clk_pin rise edge)
                                                     10.000    10.000 r  
    W5                                                0.000    10.000 r  Clk_100MHz (IN)
                         net (fo=0)                   0.000    10.000    Clk_100MHz
    W5                   IBUF (Prop_ibuf_I_O)         1.388    11.388 r  Clk_100MHz_IBUF_inst/O
                         net (fo=1, routed)           1.862    13.250    Clk_100MHz_IBUF
    BUFGCTRL_X0Y0        BUFG (Prop_bufg_I_O)         0.091    13.341 r  Clk_100MHz_IBUF_BUFG_inst/O
                         net (fo=57, routed)          1.505    14.846    U_CPU/u_regbank/REG1/Clk_100MHz_IBUF_BUFG
    SLICE_X2Y22          FDCE                                         r  U_CPU/u_regbank/REG1/reg_reg[2]/C
                         clock pessimism              0.274    15.120    
                         clock uncertainty           -0.035    15.085    
    SLICE_X2Y22          FDCE (Setup_fdce_C_D)       -0.028    15.057    U_CPU/u_regbank/REG1/reg_reg[2]
  -------------------------------------------------------------------
                         required time                         15.057    
                         arrival time                          -9.198    
  -------------------------------------------------------------------
                         slack                                  5.859    

Slack (MET) :             5.989ns  (required time - arrival time)
  Source:                 U_CPU/u_pc/U1/reg_reg[0]/C
                            (rising edge-triggered cell FDCE clocked by sys_clk_pin  {rise@0.000ns fall@5.000ns period=10.000ns})
  Destination:            U_CPU/u_regbank/REG7/reg_reg[2]/D
                            (rising edge-triggered cell FDCE clocked by sys_clk_pin  {rise@0.000ns fall@5.000ns period=10.000ns})
  Path Group:             sys_clk_pin
  Path Type:              Setup (Max at Slow Process Corner)
  Requirement:            10.000ns  (sys_clk_pin rise@10.000ns - sys_clk_pin rise@0.000ns)
  Data Path Delay:        3.925ns  (logic 1.122ns (28.583%)  route 2.803ns (71.417%))
  Logic Levels:           3  (LUT3=1 LUT5=1 LUT6=1)
  Clock Path Skew:        -0.022ns (DCD - SCD + CPR)
    Destination Clock Delay (DCD):    4.849ns = ( 14.849 - 10.000 ) 
    Source Clock Delay      (SCD):    5.145ns
    Clock Pessimism Removal (CPR):    0.274ns
  Clock Uncertainty:      0.035ns  ((TSJ^2 + TIJ^2)^1/2 + DJ) / 2 + PE
    Total System Jitter     (TSJ):    0.071ns
    Total Input Jitter      (TIJ):    0.000ns
    Discrete Jitter          (DJ):    0.000ns
    Phase Error              (PE):    0.000ns

    Location             Delay type                Incr(ns)  Path(ns)    Netlist Resource(s)
  -------------------------------------------------------------------    -------------------
                         (clock sys_clk_pin rise edge)
                                                      0.000     0.000 r  
    W5                                                0.000     0.000 r  Clk_100MHz (IN)
                         net (fo=0)                   0.000     0.000    Clk_100MHz
    W5                   IBUF (Prop_ibuf_I_O)         1.458     1.458 r  Clk_100MHz_IBUF_inst/O
                         net (fo=1, routed)           1.967     3.425    Clk_100MHz_IBUF
    BUFGCTRL_X0Y0        BUFG (Prop_bufg_I_O)         0.096     3.521 r  Clk_100MHz_IBUF_BUFG_inst/O
                         net (fo=57, routed)          1.624     5.145    U_CPU/u_pc/U1/Clk_100MHz_IBUF_BUFG
    SLICE_X2Y21          FDCE                                         r  U_CPU/u_pc/U1/reg_reg[0]/C
  -------------------------------------------------------------------    -------------------
    SLICE_X2Y21          FDCE (Prop_fdce_C_Q)         0.518     5.663 f  U_CPU/u_pc/U1/reg_reg[0]/Q
                         net (fo=14, routed)          0.970     6.633    U_CPU/u_pc/U1/Q[0]
    SLICE_X1Y22          LUT3 (Prop_lut3_I0_O)        0.153     6.786 f  U_CPU/u_pc/U1/Z_reg_i_3/O
                         net (fo=5, routed)           0.753     7.539    U_CPU/u_regbank/REG7/reg_reg[0]_0
    SLICE_X2Y23          LUT5 (Prop_lut5_I0_O)        0.327     7.866 r  U_CPU/u_regbank/REG7/reg[2]_i_2/O
                         net (fo=2, routed)           0.600     8.466    U_CPU/u_regbank/REG7/reg[2]_i_2_n_0
    SLICE_X2Y22          LUT6 (Prop_lut6_I5_O)        0.124     8.590 r  U_CPU/u_regbank/REG7/reg[2]_i_1/O
                         net (fo=2, routed)           0.481     9.071    U_CPU/u_regbank/REG7/D[0]
    SLICE_X2Y20          FDCE                                         r  U_CPU/u_regbank/REG7/reg_reg[2]/D
  -------------------------------------------------------------------    -------------------

                         (clock sys_clk_pin rise edge)
                                                     10.000    10.000 r  
    W5                                                0.000    10.000 r  Clk_100MHz (IN)
                         net (fo=0)                   0.000    10.000    Clk_100MHz
    W5                   IBUF (Prop_ibuf_I_O)         1.388    11.388 r  Clk_100MHz_IBUF_inst/O
                         net (fo=1, routed)           1.862    13.250    Clk_100MHz_IBUF
    BUFGCTRL_X0Y0        BUFG (Prop_bufg_I_O)         0.091    13.341 r  Clk_100MHz_IBUF_BUFG_inst/O
                         net (fo=57, routed)          1.508    14.849    U_CPU/u_regbank/REG7/Clk_100MHz_IBUF_BUFG
    SLICE_X2Y20          FDCE                                         r  U_CPU/u_regbank/REG7/reg_reg[2]/C
                         clock pessimism              0.274    15.123    
                         clock uncertainty           -0.035    15.088    
    SLICE_X2Y20          FDCE (Setup_fdce_C_D)       -0.028    15.060    U_CPU/u_regbank/REG7/reg_reg[2]
  -------------------------------------------------------------------
                         required time                         15.060    
                         arrival time                          -9.071    
  -------------------------------------------------------------------
                         slack                                  5.989    

Slack (MET) :             6.218ns  (required time - arrival time)
  Source:                 U_CPU/u_pc/U1/reg_reg[1]/C
                            (rising edge-triggered cell FDCE clocked by sys_clk_pin  {rise@0.000ns fall@5.000ns period=10.000ns})
  Destination:            U_CPU/u_regbank/REG1/reg_reg[3]/D
                            (rising edge-triggered cell FDCE clocked by sys_clk_pin  {rise@0.000ns fall@5.000ns period=10.000ns})
  Path Group:             sys_clk_pin
  Path Type:              Setup (Max at Slow Process Corner)
  Requirement:            10.000ns  (sys_clk_pin rise@10.000ns - sys_clk_pin rise@0.000ns)
  Data Path Delay:        3.693ns  (logic 1.021ns (27.645%)  route 2.672ns (72.355%))
  Logic Levels:           3  (LUT5=1 LUT6=2)
  Clock Path Skew:        -0.025ns (DCD - SCD + CPR)
    Destination Clock Delay (DCD):    4.846ns = ( 14.846 - 10.000 ) 
    Source Clock Delay      (SCD):    5.145ns
    Clock Pessimism Removal (CPR):    0.274ns
  Clock Uncertainty:      0.035ns  ((TSJ^2 + TIJ^2)^1/2 + DJ) / 2 + PE
    Total System Jitter     (TSJ):    0.071ns
    Total Input Jitter      (TIJ):    0.000ns
    Discrete Jitter          (DJ):    0.000ns
    Phase Error              (PE):    0.000ns

    Location             Delay type                Incr(ns)  Path(ns)    Netlist Resource(s)
  -------------------------------------------------------------------    -------------------
                         (clock sys_clk_pin rise edge)
                                                      0.000     0.000 r  
    W5                                                0.000     0.000 r  Clk_100MHz (IN)
                         net (fo=0)                   0.000     0.000    Clk_100MHz
    W5                   IBUF (Prop_ibuf_I_O)         1.458     1.458 r  Clk_100MHz_IBUF_inst/O
                         net (fo=1, routed)           1.967     3.425    Clk_100MHz_IBUF
    BUFGCTRL_X0Y0        BUFG (Prop_bufg_I_O)         0.096     3.521 r  Clk_100MHz_IBUF_BUFG_inst/O
                         net (fo=57, routed)          1.624     5.145    U_CPU/u_pc/U1/Clk_100MHz_IBUF_BUFG
    SLICE_X2Y21          FDCE                                         r  U_CPU/u_pc/U1/reg_reg[1]/C
  -------------------------------------------------------------------    -------------------
    SLICE_X2Y21          FDCE (Prop_fdce_C_Q)         0.478     5.623 r  U_CPU/u_pc/U1/reg_reg[1]/Q
                         net (fo=12, routed)          1.067     6.690    U_CPU/u_pc/U1/Q[1]
    SLICE_X2Y22          LUT5 (Prop_lut5_I0_O)        0.295     6.985 f  U_CPU/u_pc/U1/reg[3]_i_4/O
                         net (fo=1, routed)           0.689     7.675    U_CPU/u_regbank/REG7/reg_reg[1]_0
    SLICE_X2Y22          LUT6 (Prop_lut6_I0_O)        0.124     7.799 r  U_CPU/u_regbank/REG7/reg[3]_i_3/O
                         net (fo=2, routed)           0.294     8.093    U_CPU/u_regbank/REG7/reg[3]_i_3_n_0
    SLICE_X2Y22          LUT6 (Prop_lut6_I5_O)        0.124     8.217 r  U_CPU/u_regbank/REG7/reg[3]_i_2/O
                         net (fo=2, routed)           0.622     8.838    U_CPU/u_regbank/REG1/D[3]
    SLICE_X2Y22          FDCE                                         r  U_CPU/u_regbank/REG1/reg_reg[3]/D
  -------------------------------------------------------------------    -------------------

                         (clock sys_clk_pin rise edge)
                                                     10.000    10.000 r  
    W5                                                0.000    10.000 r  Clk_100MHz (IN)
                         net (fo=0)                   0.000    10.000    Clk_100MHz
    W5                   IBUF (Prop_ibuf_I_O)         1.388    11.388 r  Clk_100MHz_IBUF_inst/O
                         net (fo=1, routed)           1.862    13.250    Clk_100MHz_IBUF
    BUFGCTRL_X0Y0        BUFG (Prop_bufg_I_O)         0.091    13.341 r  Clk_100MHz_IBUF_BUFG_inst/O
                         net (fo=57, routed)          1.505    14.846    U_CPU/u_regbank/REG1/Clk_100MHz_IBUF_BUFG
    SLICE_X2Y22          FDCE                                         r  U_CPU/u_regbank/REG1/reg_reg[3]/C
                         clock pessimism              0.274    15.120    
                         clock uncertainty           -0.035    15.085    
    SLICE_X2Y22          FDCE (Setup_fdce_C_D)       -0.028    15.057    U_CPU/u_regbank/REG1/reg_reg[3]
  -------------------------------------------------------------------
                         required time                         15.057    
                         arrival time                          -8.838    
  -------------------------------------------------------------------
                         slack                                  6.218    

Slack (MET) :             6.236ns  (required time - arrival time)
  Source:                 U_CPU/slow_clk/count_reg[19]/C
                            (rising edge-triggered cell FDRE clocked by sys_clk_pin  {rise@0.000ns fall@5.000ns period=10.000ns})
  Destination:            U_CPU/slow_clk/count_reg[25]/R
                            (rising edge-triggered cell FDRE clocked by sys_clk_pin  {rise@0.000ns fall@5.000ns period=10.000ns})
  Path Group:             sys_clk_pin
  Path Type:              Setup (Max at Slow Process Corner)
  Requirement:            10.000ns  (sys_clk_pin rise@10.000ns - sys_clk_pin rise@0.000ns)
  Data Path Delay:        3.274ns  (logic 0.704ns (21.506%)  route 2.570ns (78.494%))
  Logic Levels:           2  (LUT4=1 LUT6=1)
  Clock Path Skew:        -0.026ns (DCD - SCD + CPR)
    Destination Clock Delay (DCD):    4.846ns = ( 14.846 - 10.000 ) 
    Source Clock Delay      (SCD):    5.146ns
    Clock Pessimism Removal (CPR):    0.274ns
  Clock Uncertainty:      0.035ns  ((TSJ^2 + TIJ^2)^1/2 + DJ) / 2 + PE
    Total System Jitter     (TSJ):    0.071ns
    Total Input Jitter      (TIJ):    0.000ns
    Discrete Jitter          (DJ):    0.000ns
    Phase Error              (PE):    0.000ns

    Location             Delay type                Incr(ns)  Path(ns)    Netlist Resource(s)
  -------------------------------------------------------------------    -------------------
                         (clock sys_clk_pin rise edge)
                                                      0.000     0.000 r  
    W5                                                0.000     0.000 r  Clk_100MHz (IN)
                         net (fo=0)                   0.000     0.000    Clk_100MHz
    W5                   IBUF (Prop_ibuf_I_O)         1.458     1.458 r  Clk_100MHz_IBUF_inst/O
                         net (fo=1, routed)           1.967     3.425    Clk_100MHz_IBUF
    BUFGCTRL_X0Y0        BUFG (Prop_bufg_I_O)         0.096     3.521 r  Clk_100MHz_IBUF_BUFG_inst/O
                         net (fo=57, routed)          1.625     5.146    U_CPU/slow_clk/Clk_100MHz_IBUF_BUFG
    SLICE_X3Y20          FDRE                                         r  U_CPU/slow_clk/count_reg[19]/C
  -------------------------------------------------------------------    -------------------
    SLICE_X3Y20          FDRE (Prop_fdre_C_Q)         0.456     5.602 f  U_CPU/slow_clk/count_reg[19]/Q
                         net (fo=2, routed)           1.092     6.694    U_CPU/slow_clk/count[19]
    SLICE_X2Y20          LUT4 (Prop_lut4_I0_O)        0.124     6.818 f  U_CPU/slow_clk/count[25]_i_4/O
                         net (fo=1, routed)           0.594     7.413    U_CPU/slow_clk/count[25]_i_4_n_0
    SLICE_X2Y19          LUT6 (Prop_lut6_I1_O)        0.124     7.537 r  U_CPU/slow_clk/count[25]_i_1/O
                         net (fo=26, routed)          0.883     8.420    U_CPU/slow_clk/count[25]_i_1_n_0
    SLICE_X3Y22          FDRE                                         r  U_CPU/slow_clk/count_reg[25]/R
  -------------------------------------------------------------------    -------------------

                         (clock sys_clk_pin rise edge)
                                                     10.000    10.000 r  
    W5                                                0.000    10.000 r  Clk_100MHz (IN)
                         net (fo=0)                   0.000    10.000    Clk_100MHz
    W5                   IBUF (Prop_ibuf_I_O)         1.388    11.388 r  Clk_100MHz_IBUF_inst/O
                         net (fo=1, routed)           1.862    13.250    Clk_100MHz_IBUF
    BUFGCTRL_X0Y0        BUFG (Prop_bufg_I_O)         0.091    13.341 r  Clk_100MHz_IBUF_BUFG_inst/O
                         net (fo=57, routed)          1.505    14.846    U_CPU/slow_clk/Clk_100MHz_IBUF_BUFG
    SLICE_X3Y22          FDRE                                         r  U_CPU/slow_clk/count_reg[25]/C
                         clock pessimism              0.274    15.120    
                         clock uncertainty           -0.035    15.085    
    SLICE_X3Y22          FDRE (Setup_fdre_C_R)       -0.429    14.656    U_CPU/slow_clk/count_reg[25]
  -------------------------------------------------------------------
                         required time                         14.656    
                         arrival time                          -8.420    
  -------------------------------------------------------------------
                         slack                                  6.236    

Slack (MET) :             6.342ns  (required time - arrival time)
  Source:                 U_CPU/slow_clk/count_reg[19]/C
                            (rising edge-triggered cell FDRE clocked by sys_clk_pin  {rise@0.000ns fall@5.000ns period=10.000ns})
  Destination:            U_CPU/slow_clk/count_reg[13]/R
                            (rising edge-triggered cell FDRE clocked by sys_clk_pin  {rise@0.000ns fall@5.000ns period=10.000ns})
  Path Group:             sys_clk_pin
  Path Type:              Setup (Max at Slow Process Corner)
  Requirement:            10.000ns  (sys_clk_pin rise@10.000ns - sys_clk_pin rise@0.000ns)
  Data Path Delay:        3.170ns  (logic 0.704ns (22.205%)  route 2.466ns (77.795%))
  Logic Levels:           2  (LUT4=1 LUT6=1)
  Clock Path Skew:        -0.023ns (DCD - SCD + CPR)
    Destination Clock Delay (DCD):    4.849ns = ( 14.849 - 10.000 ) 
    Source Clock Delay      (SCD):    5.146ns
    Clock Pessimism Removal (CPR):    0.274ns
  Clock Uncertainty:      0.035ns  ((TSJ^2 + TIJ^2)^1/2 + DJ) / 2 + PE
    Total System Jitter     (TSJ):    0.071ns
    Total Input Jitter      (TIJ):    0.000ns
    Discrete Jitter          (DJ):    0.000ns
    Phase Error              (PE):    0.000ns

    Location             Delay type                Incr(ns)  Path(ns)    Netlist Resource(s)
  -------------------------------------------------------------------    -------------------
                         (clock sys_clk_pin rise edge)
                                                      0.000     0.000 r  
    W5                                                0.000     0.000 r  Clk_100MHz (IN)
                         net (fo=0)                   0.000     0.000    Clk_100MHz
    W5                   IBUF (Prop_ibuf_I_O)         1.458     1.458 r  Clk_100MHz_IBUF_inst/O
                         net (fo=1, routed)           1.967     3.425    Clk_100MHz_IBUF
    BUFGCTRL_X0Y0        BUFG (Prop_bufg_I_O)         0.096     3.521 r  Clk_100MHz_IBUF_BUFG_inst/O
                         net (fo=57, routed)          1.625     5.146    U_CPU/slow_clk/Clk_100MHz_IBUF_BUFG
    SLICE_X3Y20          FDRE                                         r  U_CPU/slow_clk/count_reg[19]/C
  -------------------------------------------------------------------    -------------------
    SLICE_X3Y20          FDRE (Prop_fdre_C_Q)         0.456     5.602 f  U_CPU/slow_clk/count_reg[19]/Q
                         net (fo=2, routed)           1.092     6.694    U_CPU/slow_clk/count[19]
    SLICE_X2Y20          LUT4 (Prop_lut4_I0_O)        0.124     6.818 f  U_CPU/slow_clk/count[25]_i_4/O
                         net (fo=1, routed)           0.594     7.413    U_CPU/slow_clk/count[25]_i_4_n_0
    SLICE_X2Y19          LUT6 (Prop_lut6_I1_O)        0.124     7.537 r  U_CPU/slow_clk/count[25]_i_1/O
                         net (fo=26, routed)          0.780     8.317    U_CPU/slow_clk/count[25]_i_1_n_0
    SLICE_X3Y19          FDRE                                         r  U_CPU/slow_clk/count_reg[13]/R
  -------------------------------------------------------------------    -------------------

                         (clock sys_clk_pin rise edge)
                                                     10.000    10.000 r  
    W5                                                0.000    10.000 r  Clk_100MHz (IN)
                         net (fo=0)                   0.000    10.000    Clk_100MHz
    W5                   IBUF (Prop_ibuf_I_O)         1.388    11.388 r  Clk_100MHz_IBUF_inst/O
                         net (fo=1, routed)           1.862    13.250    Clk_100MHz_IBUF
    BUFGCTRL_X0Y0        BUFG (Prop_bufg_I_O)         0.091    13.341 r  Clk_100MHz_IBUF_BUFG_inst/O
                         net (fo=57, routed)          1.508    14.849    U_CPU/slow_clk/Clk_100MHz_IBUF_BUFG
    SLICE_X3Y19          FDRE                                         r  U_CPU/slow_clk/count_reg[13]/C
                         clock pessimism              0.274    15.123    
                         clock uncertainty           -0.035    15.088    
    SLICE_X3Y19          FDRE (Setup_fdre_C_R)       -0.429    14.659    U_CPU/slow_clk/count_reg[13]
  -------------------------------------------------------------------
                         required time                         14.659    
                         arrival time                          -8.317    
  -------------------------------------------------------------------
                         slack                                  6.342    

Slack (MET) :             6.342ns  (required time - arrival time)
  Source:                 U_CPU/slow_clk/count_reg[19]/C
                            (rising edge-triggered cell FDRE clocked by sys_clk_pin  {rise@0.000ns fall@5.000ns period=10.000ns})
  Destination:            U_CPU/slow_clk/count_reg[14]/R
                            (rising edge-triggered cell FDRE clocked by sys_clk_pin  {rise@0.000ns fall@5.000ns period=10.000ns})
  Path Group:             sys_clk_pin
  Path Type:              Setup (Max at Slow Process Corner)
  Requirement:            10.000ns  (sys_clk_pin rise@10.000ns - sys_clk_pin rise@0.000ns)
  Data Path Delay:        3.170ns  (logic 0.704ns (22.205%)  route 2.466ns (77.795%))
  Logic Levels:           2  (LUT4=1 LUT6=1)
  Clock Path Skew:        -0.023ns (DCD - SCD + CPR)
    Destination Clock Delay (DCD):    4.849ns = ( 14.849 - 10.000 ) 
    Source Clock Delay      (SCD):    5.146ns
    Clock Pessimism Removal (CPR):    0.274ns
  Clock Uncertainty:      0.035ns  ((TSJ^2 + TIJ^2)^1/2 + DJ) / 2 + PE
    Total System Jitter     (TSJ):    0.071ns
    Total Input Jitter      (TIJ):    0.000ns
    Discrete Jitter          (DJ):    0.000ns
    Phase Error              (PE):    0.000ns

    Location             Delay type                Incr(ns)  Path(ns)    Netlist Resource(s)
  -------------------------------------------------------------------    -------------------
                         (clock sys_clk_pin rise edge)
                                                      0.000     0.000 r  
    W5                                                0.000     0.000 r  Clk_100MHz (IN)
                         net (fo=0)                   0.000     0.000    Clk_100MHz
    W5                   IBUF (Prop_ibuf_I_O)         1.458     1.458 r  Clk_100MHz_IBUF_inst/O
                         net (fo=1, routed)           1.967     3.425    Clk_100MHz_IBUF
    BUFGCTRL_X0Y0        BUFG (Prop_bufg_I_O)         0.096     3.521 r  Clk_100MHz_IBUF_BUFG_inst/O
                         net (fo=57, routed)          1.625     5.146    U_CPU/slow_clk/Clk_100MHz_IBUF_BUFG
    SLICE_X3Y20          FDRE                                         r  U_CPU/slow_clk/count_reg[19]/C
  -------------------------------------------------------------------    -------------------
    SLICE_X3Y20          FDRE (Prop_fdre_C_Q)         0.456     5.602 f  U_CPU/slow_clk/count_reg[19]/Q
                         net (fo=2, routed)           1.092     6.694    U_CPU/slow_clk/count[19]
    SLICE_X2Y20          LUT4 (Prop_lut4_I0_O)        0.124     6.818 f  U_CPU/slow_clk/count[25]_i_4/O
                         net (fo=1, routed)           0.594     7.413    U_CPU/slow_clk/count[25]_i_4_n_0
    SLICE_X2Y19          LUT6 (Prop_lut6_I1_O)        0.124     7.537 r  U_CPU/slow_clk/count[25]_i_1/O
                         net (fo=26, routed)          0.780     8.317    U_CPU/slow_clk/count[25]_i_1_n_0
    SLICE_X3Y19          FDRE                                         r  U_CPU/slow_clk/count_reg[14]/R
  -------------------------------------------------------------------    -------------------

                         (clock sys_clk_pin rise edge)
                                                     10.000    10.000 r  
    W5                                                0.000    10.000 r  Clk_100MHz (IN)
                         net (fo=0)                   0.000    10.000    Clk_100MHz
    W5                   IBUF (Prop_ibuf_I_O)         1.388    11.388 r  Clk_100MHz_IBUF_inst/O
                         net (fo=1, routed)           1.862    13.250    Clk_100MHz_IBUF
    BUFGCTRL_X0Y0        BUFG (Prop_bufg_I_O)         0.091    13.341 r  Clk_100MHz_IBUF_BUFG_inst/O
                         net (fo=57, routed)          1.508    14.849    U_CPU/slow_clk/Clk_100MHz_IBUF_BUFG
    SLICE_X3Y19          FDRE                                         r  U_CPU/slow_clk/count_reg[14]/C
                         clock pessimism              0.274    15.123    
                         clock uncertainty           -0.035    15.088    
    SLICE_X3Y19          FDRE (Setup_fdre_C_R)       -0.429    14.659    U_CPU/slow_clk/count_reg[14]
  -------------------------------------------------------------------
                         required time                         14.659    
                         arrival time                          -8.317    
  -------------------------------------------------------------------
                         slack                                  6.342    

Slack (MET) :             6.342ns  (required time - arrival time)
  Source:                 U_CPU/slow_clk/count_reg[19]/C
                            (rising edge-triggered cell FDRE clocked by sys_clk_pin  {rise@0.000ns fall@5.000ns period=10.000ns})
  Destination:            U_CPU/slow_clk/count_reg[15]/R
                            (rising edge-triggered cell FDRE clocked by sys_clk_pin  {rise@0.000ns fall@5.000ns period=10.000ns})
  Path Group:             sys_clk_pin
  Path Type:              Setup (Max at Slow Process Corner)
  Requirement:            10.000ns  (sys_clk_pin rise@10.000ns - sys_clk_pin rise@0.000ns)
  Data Path Delay:        3.170ns  (logic 0.704ns (22.205%)  route 2.466ns (77.795%))
  Logic Levels:           2  (LUT4=1 LUT6=1)
  Clock Path Skew:        -0.023ns (DCD - SCD + CPR)
    Destination Clock Delay (DCD):    4.849ns = ( 14.849 - 10.000 ) 
    Source Clock Delay      (SCD):    5.146ns
    Clock Pessimism Removal (CPR):    0.274ns
  Clock Uncertainty:      0.035ns  ((TSJ^2 + TIJ^2)^1/2 + DJ) / 2 + PE
    Total System Jitter     (TSJ):    0.071ns
    Total Input Jitter      (TIJ):    0.000ns
    Discrete Jitter          (DJ):    0.000ns
    Phase Error              (PE):    0.000ns

    Location             Delay type                Incr(ns)  Path(ns)    Netlist Resource(s)
  -------------------------------------------------------------------    -------------------
                         (clock sys_clk_pin rise edge)
                                                      0.000     0.000 r  
    W5                                                0.000     0.000 r  Clk_100MHz (IN)
                         net (fo=0)                   0.000     0.000    Clk_100MHz
    W5                   IBUF (Prop_ibuf_I_O)         1.458     1.458 r  Clk_100MHz_IBUF_inst/O
                         net (fo=1, routed)           1.967     3.425    Clk_100MHz_IBUF
    BUFGCTRL_X0Y0        BUFG (Prop_bufg_I_O)         0.096     3.521 r  Clk_100MHz_IBUF_BUFG_inst/O
                         net (fo=57, routed)          1.625     5.146    U_CPU/slow_clk/Clk_100MHz_IBUF_BUFG
    SLICE_X3Y20          FDRE                                         r  U_CPU/slow_clk/count_reg[19]/C
  -------------------------------------------------------------------    -------------------
    SLICE_X3Y20          FDRE (Prop_fdre_C_Q)         0.456     5.602 f  U_CPU/slow_clk/count_reg[19]/Q
                         net (fo=2, routed)           1.092     6.694    U_CPU/slow_clk/count[19]
    SLICE_X2Y20          LUT4 (Prop_lut4_I0_O)        0.124     6.818 f  U_CPU/slow_clk/count[25]_i_4/O
                         net (fo=1, routed)           0.594     7.413    U_CPU/slow_clk/count[25]_i_4_n_0
    SLICE_X2Y19          LUT6 (Prop_lut6_I1_O)        0.124     7.537 r  U_CPU/slow_clk/count[25]_i_1/O
                         net (fo=26, routed)          0.780     8.317    U_CPU/slow_clk/count[25]_i_1_n_0
    SLICE_X3Y19          FDRE                                         r  U_CPU/slow_clk/count_reg[15]/R
  -------------------------------------------------------------------    -------------------

                         (clock sys_clk_pin rise edge)
                                                     10.000    10.000 r  
    W5                                                0.000    10.000 r  Clk_100MHz (IN)
                         net (fo=0)                   0.000    10.000    Clk_100MHz
    W5                   IBUF (Prop_ibuf_I_O)         1.388    11.388 r  Clk_100MHz_IBUF_inst/O
                         net (fo=1, routed)           1.862    13.250    Clk_100MHz_IBUF
    BUFGCTRL_X0Y0        BUFG (Prop_bufg_I_O)         0.091    13.341 r  Clk_100MHz_IBUF_BUFG_inst/O
                         net (fo=57, routed)          1.508    14.849    U_CPU/slow_clk/Clk_100MHz_IBUF_BUFG
    SLICE_X3Y19          FDRE                                         r  U_CPU/slow_clk/count_reg[15]/C
                         clock pessimism              0.274    15.123    
                         clock uncertainty           -0.035    15.088    
    SLICE_X3Y19          FDRE (Setup_fdre_C_R)       -0.429    14.659    U_CPU/slow_clk/count_reg[15]
  -------------------------------------------------------------------
                         required time                         14.659    
                         arrival time                          -8.317    
  -------------------------------------------------------------------
                         slack                                  6.342    

Slack (MET) :             6.342ns  (required time - arrival time)
  Source:                 U_CPU/slow_clk/count_reg[19]/C
                            (rising edge-triggered cell FDRE clocked by sys_clk_pin  {rise@0.000ns fall@5.000ns period=10.000ns})
  Destination:            U_CPU/slow_clk/count_reg[16]/R
                            (rising edge-triggered cell FDRE clocked by sys_clk_pin  {rise@0.000ns fall@5.000ns period=10.000ns})
  Path Group:             sys_clk_pin
  Path Type:              Setup (Max at Slow Process Corner)
  Requirement:            10.000ns  (sys_clk_pin rise@10.000ns - sys_clk_pin rise@0.000ns)
  Data Path Delay:        3.170ns  (logic 0.704ns (22.205%)  route 2.466ns (77.795%))
  Logic Levels:           2  (LUT4=1 LUT6=1)
  Clock Path Skew:        -0.023ns (DCD - SCD + CPR)
    Destination Clock Delay (DCD):    4.849ns = ( 14.849 - 10.000 ) 
    Source Clock Delay      (SCD):    5.146ns
    Clock Pessimism Removal (CPR):    0.274ns
  Clock Uncertainty:      0.035ns  ((TSJ^2 + TIJ^2)^1/2 + DJ) / 2 + PE
    Total System Jitter     (TSJ):    0.071ns
    Total Input Jitter      (TIJ):    0.000ns
    Discrete Jitter          (DJ):    0.000ns
    Phase Error              (PE):    0.000ns

    Location             Delay type                Incr(ns)  Path(ns)    Netlist Resource(s)
  -------------------------------------------------------------------    -------------------
                         (clock sys_clk_pin rise edge)
                                                      0.000     0.000 r  
    W5                                                0.000     0.000 r  Clk_100MHz (IN)
                         net (fo=0)                   0.000     0.000    Clk_100MHz
    W5                   IBUF (Prop_ibuf_I_O)         1.458     1.458 r  Clk_100MHz_IBUF_inst/O
                         net (fo=1, routed)           1.967     3.425    Clk_100MHz_IBUF
    BUFGCTRL_X0Y0        BUFG (Prop_bufg_I_O)         0.096     3.521 r  Clk_100MHz_IBUF_BUFG_inst/O
                         net (fo=57, routed)          1.625     5.146    U_CPU/slow_clk/Clk_100MHz_IBUF_BUFG
    SLICE_X3Y20          FDRE                                         r  U_CPU/slow_clk/count_reg[19]/C
  -------------------------------------------------------------------    -------------------
    SLICE_X3Y20          FDRE (Prop_fdre_C_Q)         0.456     5.602 f  U_CPU/slow_clk/count_reg[19]/Q
                         net (fo=2, routed)           1.092     6.694    U_CPU/slow_clk/count[19]
    SLICE_X2Y20          LUT4 (Prop_lut4_I0_O)        0.124     6.818 f  U_CPU/slow_clk/count[25]_i_4/O
                         net (fo=1, routed)           0.594     7.413    U_CPU/slow_clk/count[25]_i_4_n_0
    SLICE_X2Y19          LUT6 (Prop_lut6_I1_O)        0.124     7.537 r  U_CPU/slow_clk/count[25]_i_1/O
                         net (fo=26, routed)          0.780     8.317    U_CPU/slow_clk/count[25]_i_1_n_0
    SLICE_X3Y19          FDRE                                         r  U_CPU/slow_clk/count_reg[16]/R
  -------------------------------------------------------------------    -------------------

                         (clock sys_clk_pin rise edge)
                                                     10.000    10.000 r  
    W5                                                0.000    10.000 r  Clk_100MHz (IN)
                         net (fo=0)                   0.000    10.000    Clk_100MHz
    W5                   IBUF (Prop_ibuf_I_O)         1.388    11.388 r  Clk_100MHz_IBUF_inst/O
                         net (fo=1, routed)           1.862    13.250    Clk_100MHz_IBUF
    BUFGCTRL_X0Y0        BUFG (Prop_bufg_I_O)         0.091    13.341 r  Clk_100MHz_IBUF_BUFG_inst/O
                         net (fo=57, routed)          1.508    14.849    U_CPU/slow_clk/Clk_100MHz_IBUF_BUFG
    SLICE_X3Y19          FDRE                                         r  U_CPU/slow_clk/count_reg[16]/C
                         clock pessimism              0.274    15.123    
                         clock uncertainty           -0.035    15.088    
    SLICE_X3Y19          FDRE (Setup_fdre_C_R)       -0.429    14.659    U_CPU/slow_clk/count_reg[16]
  -------------------------------------------------------------------
                         required time                         14.659    
                         arrival time                          -8.317    
  -------------------------------------------------------------------
                         slack                                  6.342    

Slack (MET) :             6.350ns  (required time - arrival time)
  Source:                 U_CPU/u_pc/U1/reg_reg[1]/C
                            (rising edge-triggered cell FDCE clocked by sys_clk_pin  {rise@0.000ns fall@5.000ns period=10.000ns})
  Destination:            U_CPU/u_regbank/REG7/reg_reg[3]/D
                            (rising edge-triggered cell FDCE clocked by sys_clk_pin  {rise@0.000ns fall@5.000ns period=10.000ns})
  Path Group:             sys_clk_pin
  Path Type:              Setup (Max at Slow Process Corner)
  Requirement:            10.000ns  (sys_clk_pin rise@10.000ns - sys_clk_pin rise@0.000ns)
  Data Path Delay:        3.564ns  (logic 1.021ns (28.646%)  route 2.543ns (71.354%))
  Logic Levels:           3  (LUT5=1 LUT6=2)
  Clock Path Skew:        -0.022ns (DCD - SCD + CPR)
    Destination Clock Delay (DCD):    4.849ns = ( 14.849 - 10.000 ) 
    Source Clock Delay      (SCD):    5.145ns
    Clock Pessimism Removal (CPR):    0.274ns
  Clock Uncertainty:      0.035ns  ((TSJ^2 + TIJ^2)^1/2 + DJ) / 2 + PE
    Total System Jitter     (TSJ):    0.071ns
    Total Input Jitter      (TIJ):    0.000ns
    Discrete Jitter          (DJ):    0.000ns
    Phase Error              (PE):    0.000ns

    Location             Delay type                Incr(ns)  Path(ns)    Netlist Resource(s)
  -------------------------------------------------------------------    -------------------
                         (clock sys_clk_pin rise edge)
                                                      0.000     0.000 r  
    W5                                                0.000     0.000 r  Clk_100MHz (IN)
                         net (fo=0)                   0.000     0.000    Clk_100MHz
    W5                   IBUF (Prop_ibuf_I_O)         1.458     1.458 r  Clk_100MHz_IBUF_inst/O
                         net (fo=1, routed)           1.967     3.425    Clk_100MHz_IBUF
    BUFGCTRL_X0Y0        BUFG (Prop_bufg_I_O)         0.096     3.521 r  Clk_100MHz_IBUF_BUFG_inst/O
                         net (fo=57, routed)          1.624     5.145    U_CPU/u_pc/U1/Clk_100MHz_IBUF_BUFG
    SLICE_X2Y21          FDCE                                         r  U_CPU/u_pc/U1/reg_reg[1]/C
  -------------------------------------------------------------------    -------------------
    SLICE_X2Y21          FDCE (Prop_fdce_C_Q)         0.478     5.623 r  U_CPU/u_pc/U1/reg_reg[1]/Q
                         net (fo=12, routed)          1.067     6.690    U_CPU/u_pc/U1/Q[1]
    SLICE_X2Y22          LUT5 (Prop_lut5_I0_O)        0.295     6.985 f  U_CPU/u_pc/U1/reg[3]_i_4/O
                         net (fo=1, routed)           0.689     7.675    U_CPU/u_regbank/REG7/reg_reg[1]_0
    SLICE_X2Y22          LUT6 (Prop_lut6_I0_O)        0.124     7.799 r  U_CPU/u_regbank/REG7/reg[3]_i_3/O
                         net (fo=2, routed)           0.294     8.093    U_CPU/u_regbank/REG7/reg[3]_i_3_n_0
    SLICE_X2Y22          LUT6 (Prop_lut6_I5_O)        0.124     8.217 r  U_CPU/u_regbank/REG7/reg[3]_i_2/O
                         net (fo=2, routed)           0.493     8.709    U_CPU/u_regbank/REG7/D[1]
    SLICE_X2Y20          FDCE                                         r  U_CPU/u_regbank/REG7/reg_reg[3]/D
  -------------------------------------------------------------------    -------------------

                         (clock sys_clk_pin rise edge)
                                                     10.000    10.000 r  
    W5                                                0.000    10.000 r  Clk_100MHz (IN)
                         net (fo=0)                   0.000    10.000    Clk_100MHz
    W5                   IBUF (Prop_ibuf_I_O)         1.388    11.388 r  Clk_100MHz_IBUF_inst/O
                         net (fo=1, routed)           1.862    13.250    Clk_100MHz_IBUF
    BUFGCTRL_X0Y0        BUFG (Prop_bufg_I_O)         0.091    13.341 r  Clk_100MHz_IBUF_BUFG_inst/O
                         net (fo=57, routed)          1.508    14.849    U_CPU/u_regbank/REG7/Clk_100MHz_IBUF_BUFG
    SLICE_X2Y20          FDCE                                         r  U_CPU/u_regbank/REG7/reg_reg[3]/C
                         clock pessimism              0.274    15.123    
                         clock uncertainty           -0.035    15.088    
    SLICE_X2Y20          FDCE (Setup_fdce_C_D)       -0.028    15.060    U_CPU/u_regbank/REG7/reg_reg[3]
  -------------------------------------------------------------------
                         required time                         15.060    
                         arrival time                          -8.709    
  -------------------------------------------------------------------
                         slack                                  6.350    

Slack (MET) :             6.376ns  (required time - arrival time)
  Source:                 U_CPU/slow_clk/count_reg[19]/C
                            (rising edge-triggered cell FDRE clocked by sys_clk_pin  {rise@0.000ns fall@5.000ns period=10.000ns})
  Destination:            U_CPU/slow_clk/count_reg[21]/R
                            (rising edge-triggered cell FDRE clocked by sys_clk_pin  {rise@0.000ns fall@5.000ns period=10.000ns})
  Path Group:             sys_clk_pin
  Path Type:              Setup (Max at Slow Process Corner)
  Requirement:            10.000ns  (sys_clk_pin rise@10.000ns - sys_clk_pin rise@0.000ns)
  Data Path Delay:        3.135ns  (logic 0.704ns (22.455%)  route 2.431ns (77.545%))
  Logic Levels:           2  (LUT4=1 LUT6=1)
  Clock Path Skew:        -0.024ns (DCD - SCD + CPR)
    Destination Clock Delay (DCD):    4.848ns = ( 14.848 - 10.000 ) 
    Source Clock Delay      (SCD):    5.146ns
    Clock Pessimism Removal (CPR):    0.274ns
  Clock Uncertainty:      0.035ns  ((TSJ^2 + TIJ^2)^1/2 + DJ) / 2 + PE
    Total System Jitter     (TSJ):    0.071ns
    Total Input Jitter      (TIJ):    0.000ns
    Discrete Jitter          (DJ):    0.000ns
    Phase Error              (PE):    0.000ns

    Location             Delay type                Incr(ns)  Path(ns)    Netlist Resource(s)
  -------------------------------------------------------------------    -------------------
                         (clock sys_clk_pin rise edge)
                                                      0.000     0.000 r  
    W5                                                0.000     0.000 r  Clk_100MHz (IN)
                         net (fo=0)                   0.000     0.000    Clk_100MHz
    W5                   IBUF (Prop_ibuf_I_O)         1.458     1.458 r  Clk_100MHz_IBUF_inst/O
                         net (fo=1, routed)           1.967     3.425    Clk_100MHz_IBUF
    BUFGCTRL_X0Y0        BUFG (Prop_bufg_I_O)         0.096     3.521 r  Clk_100MHz_IBUF_BUFG_inst/O
                         net (fo=57, routed)          1.625     5.146    U_CPU/slow_clk/Clk_100MHz_IBUF_BUFG
    SLICE_X3Y20          FDRE                                         r  U_CPU/slow_clk/count_reg[19]/C
  -------------------------------------------------------------------    -------------------
    SLICE_X3Y20          FDRE (Prop_fdre_C_Q)         0.456     5.602 f  U_CPU/slow_clk/count_reg[19]/Q
                         net (fo=2, routed)           1.092     6.694    U_CPU/slow_clk/count[19]
    SLICE_X2Y20          LUT4 (Prop_lut4_I0_O)        0.124     6.818 f  U_CPU/slow_clk/count[25]_i_4/O
                         net (fo=1, routed)           0.594     7.413    U_CPU/slow_clk/count[25]_i_4_n_0
    SLICE_X2Y19          LUT6 (Prop_lut6_I1_O)        0.124     7.537 r  U_CPU/slow_clk/count[25]_i_1/O
                         net (fo=26, routed)          0.744     8.281    U_CPU/slow_clk/count[25]_i_1_n_0
    SLICE_X3Y21          FDRE                                         r  U_CPU/slow_clk/count_reg[21]/R
  -------------------------------------------------------------------    -------------------

                         (clock sys_clk_pin rise edge)
                                                     10.000    10.000 r  
    W5                                                0.000    10.000 r  Clk_100MHz (IN)
                         net (fo=0)                   0.000    10.000    Clk_100MHz
    W5                   IBUF (Prop_ibuf_I_O)         1.388    11.388 r  Clk_100MHz_IBUF_inst/O
                         net (fo=1, routed)           1.862    13.250    Clk_100MHz_IBUF
    BUFGCTRL_X0Y0        BUFG (Prop_bufg_I_O)         0.091    13.341 r  Clk_100MHz_IBUF_BUFG_inst/O
                         net (fo=57, routed)          1.507    14.848    U_CPU/slow_clk/Clk_100MHz_IBUF_BUFG
    SLICE_X3Y21          FDRE                                         r  U_CPU/slow_clk/count_reg[21]/C
                         clock pessimism              0.274    15.122    
                         clock uncertainty           -0.035    15.087    
    SLICE_X3Y21          FDRE (Setup_fdre_C_R)       -0.429    14.658    U_CPU/slow_clk/count_reg[21]
  -------------------------------------------------------------------
                         required time                         14.658    
                         arrival time                          -8.281    
  -------------------------------------------------------------------
                         slack                                  6.376    





Min Delay Paths
--------------------------------------------------------------------------------------
Slack (MET) :             0.252ns  (arrival time - required time)
  Source:                 refresh_counter_reg[7]/C
                            (rising edge-triggered cell FDRE clocked by sys_clk_pin  {rise@0.000ns fall@5.000ns period=10.000ns})
  Destination:            refresh_counter_reg[7]/D
                            (rising edge-triggered cell FDRE clocked by sys_clk_pin  {rise@0.000ns fall@5.000ns period=10.000ns})
  Path Group:             sys_clk_pin
  Path Type:              Hold (Min at Fast Process Corner)
  Requirement:            0.000ns  (sys_clk_pin rise@0.000ns - sys_clk_pin rise@0.000ns)
  Data Path Delay:        0.357ns  (logic 0.249ns (69.714%)  route 0.108ns (30.286%))
  Logic Levels:           1  (CARRY4=1)
  Clock Path Skew:        0.000ns (DCD - SCD - CPR)
    Destination Clock Delay (DCD):    1.983ns
    Source Clock Delay      (SCD):    1.470ns
    Clock Pessimism Removal (CPR):    0.513ns

    Location             Delay type                Incr(ns)  Path(ns)    Netlist Resource(s)
  -------------------------------------------------------------------    -------------------
                         (clock sys_clk_pin rise edge)
                                                      0.000     0.000 r  
    W5                                                0.000     0.000 r  Clk_100MHz (IN)
                         net (fo=0)                   0.000     0.000    Clk_100MHz
    W5                   IBUF (Prop_ibuf_I_O)         0.226     0.226 r  Clk_100MHz_IBUF_inst/O
                         net (fo=1, routed)           0.631     0.858    Clk_100MHz_IBUF
    BUFGCTRL_X0Y0        BUFG (Prop_bufg_I_O)         0.026     0.884 r  Clk_100MHz_IBUF_BUFG_inst/O
                         net (fo=57, routed)          0.587     1.470    Clk_100MHz_IBUF_BUFG
    SLICE_X7Y17          FDRE                                         r  refresh_counter_reg[7]/C
  -------------------------------------------------------------------    -------------------
    SLICE_X7Y17          FDRE (Prop_fdre_C_Q)         0.141     1.611 r  refresh_counter_reg[7]/Q
                         net (fo=1, routed)           0.108     1.719    refresh_counter_reg_n_0_[7]
    SLICE_X7Y17          CARRY4 (Prop_carry4_S[3]_O[3])
                                                      0.108     1.827 r  refresh_counter_reg[4]_i_1/O[3]
                         net (fo=1, routed)           0.000     1.827    refresh_counter_reg[4]_i_1_n_4
    SLICE_X7Y17          FDRE                                         r  refresh_counter_reg[7]/D
  -------------------------------------------------------------------    -------------------

                         (clock sys_clk_pin rise edge)
                                                      0.000     0.000 r  
    W5                                                0.000     0.000 r  Clk_100MHz (IN)
                         net (fo=0)                   0.000     0.000    Clk_100MHz
    W5                   IBUF (Prop_ibuf_I_O)         0.414     0.414 r  Clk_100MHz_IBUF_inst/O
                         net (fo=1, routed)           0.685     1.099    Clk_100MHz_IBUF
    BUFGCTRL_X0Y0        BUFG (Prop_bufg_I_O)         0.029     1.128 r  Clk_100MHz_IBUF_BUFG_inst/O
                         net (fo=57, routed)          0.856     1.983    Clk_100MHz_IBUF_BUFG
    SLICE_X7Y17          FDRE                                         r  refresh_counter_reg[7]/C
                         clock pessimism             -0.513     1.470    
    SLICE_X7Y17          FDRE (Hold_fdre_C_D)         0.105     1.575    refresh_counter_reg[7]
  -------------------------------------------------------------------
                         required time                         -1.575    
                         arrival time                           1.827    
  -------------------------------------------------------------------
                         slack                                  0.252    

Slack (MET) :             0.252ns  (arrival time - required time)
  Source:                 refresh_counter_reg[11]/C
                            (rising edge-triggered cell FDRE clocked by sys_clk_pin  {rise@0.000ns fall@5.000ns period=10.000ns})
  Destination:            refresh_counter_reg[11]/D
                            (rising edge-triggered cell FDRE clocked by sys_clk_pin  {rise@0.000ns fall@5.000ns period=10.000ns})
  Path Group:             sys_clk_pin
  Path Type:              Hold (Min at Fast Process Corner)
  Requirement:            0.000ns  (sys_clk_pin rise@0.000ns - sys_clk_pin rise@0.000ns)
  Data Path Delay:        0.357ns  (logic 0.249ns (69.714%)  route 0.108ns (30.286%))
  Logic Levels:           1  (CARRY4=1)
  Clock Path Skew:        0.000ns (DCD - SCD - CPR)
    Destination Clock Delay (DCD):    1.982ns
    Source Clock Delay      (SCD):    1.469ns
    Clock Pessimism Removal (CPR):    0.513ns

    Location             Delay type                Incr(ns)  Path(ns)    Netlist Resource(s)
  -------------------------------------------------------------------    -------------------
                         (clock sys_clk_pin rise edge)
                                                      0.000     0.000 r  
    W5                                                0.000     0.000 r  Clk_100MHz (IN)
                         net (fo=0)                   0.000     0.000    Clk_100MHz
    W5                   IBUF (Prop_ibuf_I_O)         0.226     0.226 r  Clk_100MHz_IBUF_inst/O
                         net (fo=1, routed)           0.631     0.858    Clk_100MHz_IBUF
    BUFGCTRL_X0Y0        BUFG (Prop_bufg_I_O)         0.026     0.884 r  Clk_100MHz_IBUF_BUFG_inst/O
                         net (fo=57, routed)          0.586     1.469    Clk_100MHz_IBUF_BUFG
    SLICE_X7Y18          FDRE                                         r  refresh_counter_reg[11]/C
  -------------------------------------------------------------------    -------------------
    SLICE_X7Y18          FDRE (Prop_fdre_C_Q)         0.141     1.610 r  refresh_counter_reg[11]/Q
                         net (fo=1, routed)           0.108     1.718    refresh_counter_reg_n_0_[11]
    SLICE_X7Y18          CARRY4 (Prop_carry4_S[3]_O[3])
                                                      0.108     1.826 r  refresh_counter_reg[8]_i_1/O[3]
                         net (fo=1, routed)           0.000     1.826    refresh_counter_reg[8]_i_1_n_4
    SLICE_X7Y18          FDRE                                         r  refresh_counter_reg[11]/D
  -------------------------------------------------------------------    -------------------

                         (clock sys_clk_pin rise edge)
                                                      0.000     0.000 r  
    W5                                                0.000     0.000 r  Clk_100MHz (IN)
                         net (fo=0)                   0.000     0.000    Clk_100MHz
    W5                   IBUF (Prop_ibuf_I_O)         0.414     0.414 r  Clk_100MHz_IBUF_inst/O
                         net (fo=1, routed)           0.685     1.099    Clk_100MHz_IBUF
    BUFGCTRL_X0Y0        BUFG (Prop_bufg_I_O)         0.029     1.128 r  Clk_100MHz_IBUF_BUFG_inst/O
                         net (fo=57, routed)          0.855     1.982    Clk_100MHz_IBUF_BUFG
    SLICE_X7Y18          FDRE                                         r  refresh_counter_reg[11]/C
                         clock pessimism             -0.513     1.469    
    SLICE_X7Y18          FDRE (Hold_fdre_C_D)         0.105     1.574    refresh_counter_reg[11]
  -------------------------------------------------------------------
                         required time                         -1.574    
                         arrival time                           1.826    
  -------------------------------------------------------------------
                         slack                                  0.252    

Slack (MET) :             0.252ns  (arrival time - required time)
  Source:                 refresh_counter_reg[3]/C
                            (rising edge-triggered cell FDRE clocked by sys_clk_pin  {rise@0.000ns fall@5.000ns period=10.000ns})
  Destination:            refresh_counter_reg[3]/D
                            (rising edge-triggered cell FDRE clocked by sys_clk_pin  {rise@0.000ns fall@5.000ns period=10.000ns})
  Path Group:             sys_clk_pin
  Path Type:              Hold (Min at Fast Process Corner)
  Requirement:            0.000ns  (sys_clk_pin rise@0.000ns - sys_clk_pin rise@0.000ns)
  Data Path Delay:        0.357ns  (logic 0.249ns (69.714%)  route 0.108ns (30.286%))
  Logic Levels:           1  (CARRY4=1)
  Clock Path Skew:        0.000ns (DCD - SCD - CPR)
    Destination Clock Delay (DCD):    1.984ns
    Source Clock Delay      (SCD):    1.471ns
    Clock Pessimism Removal (CPR):    0.513ns

    Location             Delay type                Incr(ns)  Path(ns)    Netlist Resource(s)
  -------------------------------------------------------------------    -------------------
                         (clock sys_clk_pin rise edge)
                                                      0.000     0.000 r  
    W5                                                0.000     0.000 r  Clk_100MHz (IN)
                         net (fo=0)                   0.000     0.000    Clk_100MHz
    W5                   IBUF (Prop_ibuf_I_O)         0.226     0.226 r  Clk_100MHz_IBUF_inst/O
                         net (fo=1, routed)           0.631     0.858    Clk_100MHz_IBUF
    BUFGCTRL_X0Y0        BUFG (Prop_bufg_I_O)         0.026     0.884 r  Clk_100MHz_IBUF_BUFG_inst/O
                         net (fo=57, routed)          0.588     1.471    Clk_100MHz_IBUF_BUFG
    SLICE_X7Y16          FDRE                                         r  refresh_counter_reg[3]/C
  -------------------------------------------------------------------    -------------------
    SLICE_X7Y16          FDRE (Prop_fdre_C_Q)         0.141     1.612 r  refresh_counter_reg[3]/Q
                         net (fo=1, routed)           0.108     1.720    refresh_counter_reg_n_0_[3]
    SLICE_X7Y16          CARRY4 (Prop_carry4_S[3]_O[3])
                                                      0.108     1.828 r  refresh_counter_reg[0]_i_1/O[3]
                         net (fo=1, routed)           0.000     1.828    refresh_counter_reg[0]_i_1_n_4
    SLICE_X7Y16          FDRE                                         r  refresh_counter_reg[3]/D
  -------------------------------------------------------------------    -------------------

                         (clock sys_clk_pin rise edge)
                                                      0.000     0.000 r  
    W5                                                0.000     0.000 r  Clk_100MHz (IN)
                         net (fo=0)                   0.000     0.000    Clk_100MHz
    W5                   IBUF (Prop_ibuf_I_O)         0.414     0.414 r  Clk_100MHz_IBUF_inst/O
                         net (fo=1, routed)           0.685     1.099    Clk_100MHz_IBUF
    BUFGCTRL_X0Y0        BUFG (Prop_bufg_I_O)         0.029     1.128 r  Clk_100MHz_IBUF_BUFG_inst/O
                         net (fo=57, routed)          0.857     1.984    Clk_100MHz_IBUF_BUFG
    SLICE_X7Y16          FDRE                                         r  refresh_counter_reg[3]/C
                         clock pessimism             -0.513     1.471    
    SLICE_X7Y16          FDRE (Hold_fdre_C_D)         0.105     1.576    refresh_counter_reg[3]
  -------------------------------------------------------------------
                         required time                         -1.576    
                         arrival time                           1.828    
  -------------------------------------------------------------------
                         slack                                  0.252    

Slack (MET) :             0.252ns  (arrival time - required time)
  Source:                 refresh_counter_reg[15]/C
                            (rising edge-triggered cell FDRE clocked by sys_clk_pin  {rise@0.000ns fall@5.000ns period=10.000ns})
  Destination:            refresh_counter_reg[15]/D
                            (rising edge-triggered cell FDRE clocked by sys_clk_pin  {rise@0.000ns fall@5.000ns period=10.000ns})
  Path Group:             sys_clk_pin
  Path Type:              Hold (Min at Fast Process Corner)
  Requirement:            0.000ns  (sys_clk_pin rise@0.000ns - sys_clk_pin rise@0.000ns)
  Data Path Delay:        0.357ns  (logic 0.249ns (69.714%)  route 0.108ns (30.286%))
  Logic Levels:           1  (CARRY4=1)
  Clock Path Skew:        0.000ns (DCD - SCD - CPR)
    Destination Clock Delay (DCD):    1.981ns
    Source Clock Delay      (SCD):    1.468ns
    Clock Pessimism Removal (CPR):    0.513ns

    Location             Delay type                Incr(ns)  Path(ns)    Netlist Resource(s)
  -------------------------------------------------------------------    -------------------
                         (clock sys_clk_pin rise edge)
                                                      0.000     0.000 r  
    W5                                                0.000     0.000 r  Clk_100MHz (IN)
                         net (fo=0)                   0.000     0.000    Clk_100MHz
    W5                   IBUF (Prop_ibuf_I_O)         0.226     0.226 r  Clk_100MHz_IBUF_inst/O
                         net (fo=1, routed)           0.631     0.858    Clk_100MHz_IBUF
    BUFGCTRL_X0Y0        BUFG (Prop_bufg_I_O)         0.026     0.884 r  Clk_100MHz_IBUF_BUFG_inst/O
                         net (fo=57, routed)          0.585     1.468    Clk_100MHz_IBUF_BUFG
    SLICE_X7Y19          FDRE                                         r  refresh_counter_reg[15]/C
  -------------------------------------------------------------------    -------------------
    SLICE_X7Y19          FDRE (Prop_fdre_C_Q)         0.141     1.609 r  refresh_counter_reg[15]/Q
                         net (fo=1, routed)           0.108     1.717    refresh_counter_reg_n_0_[15]
    SLICE_X7Y19          CARRY4 (Prop_carry4_S[3]_O[3])
                                                      0.108     1.825 r  refresh_counter_reg[12]_i_1/O[3]
                         net (fo=1, routed)           0.000     1.825    refresh_counter_reg[12]_i_1_n_4
    SLICE_X7Y19          FDRE                                         r  refresh_counter_reg[15]/D
  -------------------------------------------------------------------    -------------------

                         (clock sys_clk_pin rise edge)
                                                      0.000     0.000 r  
    W5                                                0.000     0.000 r  Clk_100MHz (IN)
                         net (fo=0)                   0.000     0.000    Clk_100MHz
    W5                   IBUF (Prop_ibuf_I_O)         0.414     0.414 r  Clk_100MHz_IBUF_inst/O
                         net (fo=1, routed)           0.685     1.099    Clk_100MHz_IBUF
    BUFGCTRL_X0Y0        BUFG (Prop_bufg_I_O)         0.029     1.128 r  Clk_100MHz_IBUF_BUFG_inst/O
                         net (fo=57, routed)          0.854     1.981    Clk_100MHz_IBUF_BUFG
    SLICE_X7Y19          FDRE                                         r  refresh_counter_reg[15]/C
                         clock pessimism             -0.513     1.468    
    SLICE_X7Y19          FDRE (Hold_fdre_C_D)         0.105     1.573    refresh_counter_reg[15]
  -------------------------------------------------------------------
                         required time                         -1.573    
                         arrival time                           1.825    
  -------------------------------------------------------------------
                         slack                                  0.252    

Slack (MET) :             0.256ns  (arrival time - required time)
  Source:                 refresh_counter_reg[4]/C
                            (rising edge-triggered cell FDRE clocked by sys_clk_pin  {rise@0.000ns fall@5.000ns period=10.000ns})
  Destination:            refresh_counter_reg[4]/D
                            (rising edge-triggered cell FDRE clocked by sys_clk_pin  {rise@0.000ns fall@5.000ns period=10.000ns})
  Path Group:             sys_clk_pin
  Path Type:              Hold (Min at Fast Process Corner)
  Requirement:            0.000ns  (sys_clk_pin rise@0.000ns - sys_clk_pin rise@0.000ns)
  Data Path Delay:        0.361ns  (logic 0.256ns (70.880%)  route 0.105ns (29.120%))
  Logic Levels:           1  (CARRY4=1)
  Clock Path Skew:        0.000ns (DCD - SCD - CPR)
    Destination Clock Delay (DCD):    1.983ns
    Source Clock Delay      (SCD):    1.470ns
    Clock Pessimism Removal (CPR):    0.513ns

    Location             Delay type                Incr(ns)  Path(ns)    Netlist Resource(s)
  -------------------------------------------------------------------    -------------------
                         (clock sys_clk_pin rise edge)
                                                      0.000     0.000 r  
    W5                                                0.000     0.000 r  Clk_100MHz (IN)
                         net (fo=0)                   0.000     0.000    Clk_100MHz
    W5                   IBUF (Prop_ibuf_I_O)         0.226     0.226 r  Clk_100MHz_IBUF_inst/O
                         net (fo=1, routed)           0.631     0.858    Clk_100MHz_IBUF
    BUFGCTRL_X0Y0        BUFG (Prop_bufg_I_O)         0.026     0.884 r  Clk_100MHz_IBUF_BUFG_inst/O
                         net (fo=57, routed)          0.587     1.470    Clk_100MHz_IBUF_BUFG
    SLICE_X7Y17          FDRE                                         r  refresh_counter_reg[4]/C
  -------------------------------------------------------------------    -------------------
    SLICE_X7Y17          FDRE (Prop_fdre_C_Q)         0.141     1.611 r  refresh_counter_reg[4]/Q
                         net (fo=1, routed)           0.105     1.716    refresh_counter_reg_n_0_[4]
    SLICE_X7Y17          CARRY4 (Prop_carry4_S[0]_O[0])
                                                      0.115     1.831 r  refresh_counter_reg[4]_i_1/O[0]
                         net (fo=1, routed)           0.000     1.831    refresh_counter_reg[4]_i_1_n_7
    SLICE_X7Y17          FDRE                                         r  refresh_counter_reg[4]/D
  -------------------------------------------------------------------    -------------------

                         (clock sys_clk_pin rise edge)
                                                      0.000     0.000 r  
    W5                                                0.000     0.000 r  Clk_100MHz (IN)
                         net (fo=0)                   0.000     0.000    Clk_100MHz
    W5                   IBUF (Prop_ibuf_I_O)         0.414     0.414 r  Clk_100MHz_IBUF_inst/O
                         net (fo=1, routed)           0.685     1.099    Clk_100MHz_IBUF
    BUFGCTRL_X0Y0        BUFG (Prop_bufg_I_O)         0.029     1.128 r  Clk_100MHz_IBUF_BUFG_inst/O
                         net (fo=57, routed)          0.856     1.983    Clk_100MHz_IBUF_BUFG
    SLICE_X7Y17          FDRE                                         r  refresh_counter_reg[4]/C
                         clock pessimism             -0.513     1.470    
    SLICE_X7Y17          FDRE (Hold_fdre_C_D)         0.105     1.575    refresh_counter_reg[4]
  -------------------------------------------------------------------
                         required time                         -1.575    
                         arrival time                           1.831    
  -------------------------------------------------------------------
                         slack                                  0.256    

Slack (MET) :             0.256ns  (arrival time - required time)
  Source:                 refresh_counter_reg[12]/C
                            (rising edge-triggered cell FDRE clocked by sys_clk_pin  {rise@0.000ns fall@5.000ns period=10.000ns})
  Destination:            refresh_counter_reg[12]/D
                            (rising edge-triggered cell FDRE clocked by sys_clk_pin  {rise@0.000ns fall@5.000ns period=10.000ns})
  Path Group:             sys_clk_pin
  Path Type:              Hold (Min at Fast Process Corner)
  Requirement:            0.000ns  (sys_clk_pin rise@0.000ns - sys_clk_pin rise@0.000ns)
  Data Path Delay:        0.361ns  (logic 0.256ns (70.880%)  route 0.105ns (29.120%))
  Logic Levels:           1  (CARRY4=1)
  Clock Path Skew:        0.000ns (DCD - SCD - CPR)
    Destination Clock Delay (DCD):    1.981ns
    Source Clock Delay      (SCD):    1.468ns
    Clock Pessimism Removal (CPR):    0.513ns

    Location             Delay type                Incr(ns)  Path(ns)    Netlist Resource(s)
  -------------------------------------------------------------------    -------------------
                         (clock sys_clk_pin rise edge)
                                                      0.000     0.000 r  
    W5                                                0.000     0.000 r  Clk_100MHz (IN)
                         net (fo=0)                   0.000     0.000    Clk_100MHz
    W5                   IBUF (Prop_ibuf_I_O)         0.226     0.226 r  Clk_100MHz_IBUF_inst/O
                         net (fo=1, routed)           0.631     0.858    Clk_100MHz_IBUF
    BUFGCTRL_X0Y0        BUFG (Prop_bufg_I_O)         0.026     0.884 r  Clk_100MHz_IBUF_BUFG_inst/O
                         net (fo=57, routed)          0.585     1.468    Clk_100MHz_IBUF_BUFG
    SLICE_X7Y19          FDRE                                         r  refresh_counter_reg[12]/C
  -------------------------------------------------------------------    -------------------
    SLICE_X7Y19          FDRE (Prop_fdre_C_Q)         0.141     1.609 r  refresh_counter_reg[12]/Q
                         net (fo=1, routed)           0.105     1.714    refresh_counter_reg_n_0_[12]
    SLICE_X7Y19          CARRY4 (Prop_carry4_S[0]_O[0])
                                                      0.115     1.829 r  refresh_counter_reg[12]_i_1/O[0]
                         net (fo=1, routed)           0.000     1.829    refresh_counter_reg[12]_i_1_n_7
    SLICE_X7Y19          FDRE                                         r  refresh_counter_reg[12]/D
  -------------------------------------------------------------------    -------------------

                         (clock sys_clk_pin rise edge)
                                                      0.000     0.000 r  
    W5                                                0.000     0.000 r  Clk_100MHz (IN)
                         net (fo=0)                   0.000     0.000    Clk_100MHz
    W5                   IBUF (Prop_ibuf_I_O)         0.414     0.414 r  Clk_100MHz_IBUF_inst/O
                         net (fo=1, routed)           0.685     1.099    Clk_100MHz_IBUF
    BUFGCTRL_X0Y0        BUFG (Prop_bufg_I_O)         0.029     1.128 r  Clk_100MHz_IBUF_BUFG_inst/O
                         net (fo=57, routed)          0.854     1.981    Clk_100MHz_IBUF_BUFG
    SLICE_X7Y19          FDRE                                         r  refresh_counter_reg[12]/C
                         clock pessimism             -0.513     1.468    
    SLICE_X7Y19          FDRE (Hold_fdre_C_D)         0.105     1.573    refresh_counter_reg[12]
  -------------------------------------------------------------------
                         required time                         -1.573    
                         arrival time                           1.829    
  -------------------------------------------------------------------
                         slack                                  0.256    

Slack (MET) :             0.256ns  (arrival time - required time)
  Source:                 refresh_counter_reg[8]/C
                            (rising edge-triggered cell FDRE clocked by sys_clk_pin  {rise@0.000ns fall@5.000ns period=10.000ns})
  Destination:            refresh_counter_reg[8]/D
                            (rising edge-triggered cell FDRE clocked by sys_clk_pin  {rise@0.000ns fall@5.000ns period=10.000ns})
  Path Group:             sys_clk_pin
  Path Type:              Hold (Min at Fast Process Corner)
  Requirement:            0.000ns  (sys_clk_pin rise@0.000ns - sys_clk_pin rise@0.000ns)
  Data Path Delay:        0.361ns  (logic 0.256ns (70.880%)  route 0.105ns (29.120%))
  Logic Levels:           1  (CARRY4=1)
  Clock Path Skew:        0.000ns (DCD - SCD - CPR)
    Destination Clock Delay (DCD):    1.982ns
    Source Clock Delay      (SCD):    1.469ns
    Clock Pessimism Removal (CPR):    0.513ns

    Location             Delay type                Incr(ns)  Path(ns)    Netlist Resource(s)
  -------------------------------------------------------------------    -------------------
                         (clock sys_clk_pin rise edge)
                                                      0.000     0.000 r  
    W5                                                0.000     0.000 r  Clk_100MHz (IN)
                         net (fo=0)                   0.000     0.000    Clk_100MHz
    W5                   IBUF (Prop_ibuf_I_O)         0.226     0.226 r  Clk_100MHz_IBUF_inst/O
                         net (fo=1, routed)           0.631     0.858    Clk_100MHz_IBUF
    BUFGCTRL_X0Y0        BUFG (Prop_bufg_I_O)         0.026     0.884 r  Clk_100MHz_IBUF_BUFG_inst/O
                         net (fo=57, routed)          0.586     1.469    Clk_100MHz_IBUF_BUFG
    SLICE_X7Y18          FDRE                                         r  refresh_counter_reg[8]/C
  -------------------------------------------------------------------    -------------------
    SLICE_X7Y18          FDRE (Prop_fdre_C_Q)         0.141     1.610 r  refresh_counter_reg[8]/Q
                         net (fo=1, routed)           0.105     1.715    refresh_counter_reg_n_0_[8]
    SLICE_X7Y18          CARRY4 (Prop_carry4_S[0]_O[0])
                                                      0.115     1.830 r  refresh_counter_reg[8]_i_1/O[0]
                         net (fo=1, routed)           0.000     1.830    refresh_counter_reg[8]_i_1_n_7
    SLICE_X7Y18          FDRE                                         r  refresh_counter_reg[8]/D
  -------------------------------------------------------------------    -------------------

                         (clock sys_clk_pin rise edge)
                                                      0.000     0.000 r  
    W5                                                0.000     0.000 r  Clk_100MHz (IN)
                         net (fo=0)                   0.000     0.000    Clk_100MHz
    W5                   IBUF (Prop_ibuf_I_O)         0.414     0.414 r  Clk_100MHz_IBUF_inst/O
                         net (fo=1, routed)           0.685     1.099    Clk_100MHz_IBUF
    BUFGCTRL_X0Y0        BUFG (Prop_bufg_I_O)         0.029     1.128 r  Clk_100MHz_IBUF_BUFG_inst/O
                         net (fo=57, routed)          0.855     1.982    Clk_100MHz_IBUF_BUFG
    SLICE_X7Y18          FDRE                                         r  refresh_counter_reg[8]/C
                         clock pessimism             -0.513     1.469    
    SLICE_X7Y18          FDRE (Hold_fdre_C_D)         0.105     1.574    refresh_counter_reg[8]
  -------------------------------------------------------------------
                         required time                         -1.574    
                         arrival time                           1.830    
  -------------------------------------------------------------------
                         slack                                  0.256    

Slack (MET) :             0.256ns  (arrival time - required time)
  Source:                 refresh_counter_reg[6]/C
                            (rising edge-triggered cell FDRE clocked by sys_clk_pin  {rise@0.000ns fall@5.000ns period=10.000ns})
  Destination:            refresh_counter_reg[6]/D
                            (rising edge-triggered cell FDRE clocked by sys_clk_pin  {rise@0.000ns fall@5.000ns period=10.000ns})
  Path Group:             sys_clk_pin
  Path Type:              Hold (Min at Fast Process Corner)
  Requirement:            0.000ns  (sys_clk_pin rise@0.000ns - sys_clk_pin rise@0.000ns)
  Data Path Delay:        0.361ns  (logic 0.252ns (69.733%)  route 0.109ns (30.267%))
  Logic Levels:           1  (CARRY4=1)
  Clock Path Skew:        0.000ns (DCD - SCD - CPR)
    Destination Clock Delay (DCD):    1.983ns
    Source Clock Delay      (SCD):    1.470ns
    Clock Pessimism Removal (CPR):    0.513ns

    Location             Delay type                Incr(ns)  Path(ns)    Netlist Resource(s)
  -------------------------------------------------------------------    -------------------
                         (clock sys_clk_pin rise edge)
                                                      0.000     0.000 r  
    W5                                                0.000     0.000 r  Clk_100MHz (IN)
                         net (fo=0)                   0.000     0.000    Clk_100MHz
    W5                   IBUF (Prop_ibuf_I_O)         0.226     0.226 r  Clk_100MHz_IBUF_inst/O
                         net (fo=1, routed)           0.631     0.858    Clk_100MHz_IBUF
    BUFGCTRL_X0Y0        BUFG (Prop_bufg_I_O)         0.026     0.884 r  Clk_100MHz_IBUF_BUFG_inst/O
                         net (fo=57, routed)          0.587     1.470    Clk_100MHz_IBUF_BUFG
    SLICE_X7Y17          FDRE                                         r  refresh_counter_reg[6]/C
  -------------------------------------------------------------------    -------------------
    SLICE_X7Y17          FDRE (Prop_fdre_C_Q)         0.141     1.611 r  refresh_counter_reg[6]/Q
                         net (fo=1, routed)           0.109     1.721    refresh_counter_reg_n_0_[6]
    SLICE_X7Y17          CARRY4 (Prop_carry4_S[2]_O[2])
                                                      0.111     1.832 r  refresh_counter_reg[4]_i_1/O[2]
                         net (fo=1, routed)           0.000     1.832    refresh_counter_reg[4]_i_1_n_5
    SLICE_X7Y17          FDRE                                         r  refresh_counter_reg[6]/D
  -------------------------------------------------------------------    -------------------

                         (clock sys_clk_pin rise edge)
                                                      0.000     0.000 r  
    W5                                                0.000     0.000 r  Clk_100MHz (IN)
                         net (fo=0)                   0.000     0.000    Clk_100MHz
    W5                   IBUF (Prop_ibuf_I_O)         0.414     0.414 r  Clk_100MHz_IBUF_inst/O
                         net (fo=1, routed)           0.685     1.099    Clk_100MHz_IBUF
    BUFGCTRL_X0Y0        BUFG (Prop_bufg_I_O)         0.029     1.128 r  Clk_100MHz_IBUF_BUFG_inst/O
                         net (fo=57, routed)          0.856     1.983    Clk_100MHz_IBUF_BUFG
    SLICE_X7Y17          FDRE                                         r  refresh_counter_reg[6]/C
                         clock pessimism             -0.513     1.470    
    SLICE_X7Y17          FDRE (Hold_fdre_C_D)         0.105     1.575    refresh_counter_reg[6]
  -------------------------------------------------------------------
                         required time                         -1.575    
                         arrival time                           1.832    
  -------------------------------------------------------------------
                         slack                                  0.256    

Slack (MET) :             0.256ns  (arrival time - required time)
  Source:                 refresh_counter_reg[2]/C
                            (rising edge-triggered cell FDRE clocked by sys_clk_pin  {rise@0.000ns fall@5.000ns period=10.000ns})
  Destination:            refresh_counter_reg[2]/D
                            (rising edge-triggered cell FDRE clocked by sys_clk_pin  {rise@0.000ns fall@5.000ns period=10.000ns})
  Path Group:             sys_clk_pin
  Path Type:              Hold (Min at Fast Process Corner)
  Requirement:            0.000ns  (sys_clk_pin rise@0.000ns - sys_clk_pin rise@0.000ns)
  Data Path Delay:        0.361ns  (logic 0.252ns (69.733%)  route 0.109ns (30.267%))
  Logic Levels:           1  (CARRY4=1)
  Clock Path Skew:        0.000ns (DCD - SCD - CPR)
    Destination Clock Delay (DCD):    1.984ns
    Source Clock Delay      (SCD):    1.471ns
    Clock Pessimism Removal (CPR):    0.513ns

    Location             Delay type                Incr(ns)  Path(ns)    Netlist Resource(s)
  -------------------------------------------------------------------    -------------------
                         (clock sys_clk_pin rise edge)
                                                      0.000     0.000 r  
    W5                                                0.000     0.000 r  Clk_100MHz (IN)
                         net (fo=0)                   0.000     0.000    Clk_100MHz
    W5                   IBUF (Prop_ibuf_I_O)         0.226     0.226 r  Clk_100MHz_IBUF_inst/O
                         net (fo=1, routed)           0.631     0.858    Clk_100MHz_IBUF
    BUFGCTRL_X0Y0        BUFG (Prop_bufg_I_O)         0.026     0.884 r  Clk_100MHz_IBUF_BUFG_inst/O
                         net (fo=57, routed)          0.588     1.471    Clk_100MHz_IBUF_BUFG
    SLICE_X7Y16          FDRE                                         r  refresh_counter_reg[2]/C
  -------------------------------------------------------------------    -------------------
    SLICE_X7Y16          FDRE (Prop_fdre_C_Q)         0.141     1.612 r  refresh_counter_reg[2]/Q
                         net (fo=1, routed)           0.109     1.722    refresh_counter_reg_n_0_[2]
    SLICE_X7Y16          CARRY4 (Prop_carry4_S[2]_O[2])
                                                      0.111     1.833 r  refresh_counter_reg[0]_i_1/O[2]
                         net (fo=1, routed)           0.000     1.833    refresh_counter_reg[0]_i_1_n_5
    SLICE_X7Y16          FDRE                                         r  refresh_counter_reg[2]/D
  -------------------------------------------------------------------    -------------------

                         (clock sys_clk_pin rise edge)
                                                      0.000     0.000 r  
    W5                                                0.000     0.000 r  Clk_100MHz (IN)
                         net (fo=0)                   0.000     0.000    Clk_100MHz
    W5                   IBUF (Prop_ibuf_I_O)         0.414     0.414 r  Clk_100MHz_IBUF_inst/O
                         net (fo=1, routed)           0.685     1.099    Clk_100MHz_IBUF
    BUFGCTRL_X0Y0        BUFG (Prop_bufg_I_O)         0.029     1.128 r  Clk_100MHz_IBUF_BUFG_inst/O
                         net (fo=57, routed)          0.857     1.984    Clk_100MHz_IBUF_BUFG
    SLICE_X7Y16          FDRE                                         r  refresh_counter_reg[2]/C
                         clock pessimism             -0.513     1.471    
    SLICE_X7Y16          FDRE (Hold_fdre_C_D)         0.105     1.576    refresh_counter_reg[2]
  -------------------------------------------------------------------
                         required time                         -1.576    
                         arrival time                           1.833    
  -------------------------------------------------------------------
                         slack                                  0.256    

Slack (MET) :             0.256ns  (arrival time - required time)
  Source:                 refresh_counter_reg[10]/C
                            (rising edge-triggered cell FDRE clocked by sys_clk_pin  {rise@0.000ns fall@5.000ns period=10.000ns})
  Destination:            refresh_counter_reg[10]/D
                            (rising edge-triggered cell FDRE clocked by sys_clk_pin  {rise@0.000ns fall@5.000ns period=10.000ns})
  Path Group:             sys_clk_pin
  Path Type:              Hold (Min at Fast Process Corner)
  Requirement:            0.000ns  (sys_clk_pin rise@0.000ns - sys_clk_pin rise@0.000ns)
  Data Path Delay:        0.361ns  (logic 0.252ns (69.733%)  route 0.109ns (30.267%))
  Logic Levels:           1  (CARRY4=1)
  Clock Path Skew:        0.000ns (DCD - SCD - CPR)
    Destination Clock Delay (DCD):    1.982ns
    Source Clock Delay      (SCD):    1.469ns
    Clock Pessimism Removal (CPR):    0.513ns

    Location             Delay type                Incr(ns)  Path(ns)    Netlist Resource(s)
  -------------------------------------------------------------------    -------------------
                         (clock sys_clk_pin rise edge)
                                                      0.000     0.000 r  
    W5                                                0.000     0.000 r  Clk_100MHz (IN)
                         net (fo=0)                   0.000     0.000    Clk_100MHz
    W5                   IBUF (Prop_ibuf_I_O)         0.226     0.226 r  Clk_100MHz_IBUF_inst/O
                         net (fo=1, routed)           0.631     0.858    Clk_100MHz_IBUF
    BUFGCTRL_X0Y0        BUFG (Prop_bufg_I_O)         0.026     0.884 r  Clk_100MHz_IBUF_BUFG_inst/O
                         net (fo=57, routed)          0.586     1.469    Clk_100MHz_IBUF_BUFG
    SLICE_X7Y18          FDRE                                         r  refresh_counter_reg[10]/C
  -------------------------------------------------------------------    -------------------
    SLICE_X7Y18          FDRE (Prop_fdre_C_Q)         0.141     1.610 r  refresh_counter_reg[10]/Q
                         net (fo=1, routed)           0.109     1.720    refresh_counter_reg_n_0_[10]
    SLICE_X7Y18          CARRY4 (Prop_carry4_S[2]_O[2])
                                                      0.111     1.831 r  refresh_counter_reg[8]_i_1/O[2]
                         net (fo=1, routed)           0.000     1.831    refresh_counter_reg[8]_i_1_n_5
    SLICE_X7Y18          FDRE                                         r  refresh_counter_reg[10]/D
  -------------------------------------------------------------------    -------------------

                         (clock sys_clk_pin rise edge)
                                                      0.000     0.000 r  
    W5                                                0.000     0.000 r  Clk_100MHz (IN)
                         net (fo=0)                   0.000     0.000    Clk_100MHz
    W5                   IBUF (Prop_ibuf_I_O)         0.414     0.414 r  Clk_100MHz_IBUF_inst/O
                         net (fo=1, routed)           0.685     1.099    Clk_100MHz_IBUF
    BUFGCTRL_X0Y0        BUFG (Prop_bufg_I_O)         0.029     1.128 r  Clk_100MHz_IBUF_BUFG_inst/O
                         net (fo=57, routed)          0.855     1.982    Clk_100MHz_IBUF_BUFG
    SLICE_X7Y18          FDRE                                         r  refresh_counter_reg[10]/C
                         clock pessimism             -0.513     1.469    
    SLICE_X7Y18          FDRE (Hold_fdre_C_D)         0.105     1.574    refresh_counter_reg[10]
  -------------------------------------------------------------------
                         required time                         -1.574    
                         arrival time                           1.831    
  -------------------------------------------------------------------
                         slack                                  0.256    





Pulse Width Checks
--------------------------------------------------------------------------------------
Clock Name:         sys_clk_pin
Waveform(ns):       { 0.000 5.000 }
Period(ns):         10.000
Sources:            { Clk_100MHz }

Check Type        Corner  Lib Pin  Reference Pin  Required(ns)  Actual(ns)  Slack(ns)  Location       Pin
Min Period        n/a     BUFG/I   n/a            2.155         10.000      7.845      BUFGCTRL_X0Y0  Clk_100MHz_IBUF_BUFG_inst/I
Min Period        n/a     FDRE/C   n/a            1.000         10.000      9.000      SLICE_X2Y17    U_CPU/slow_clk/count_reg[0]/C
Min Period        n/a     FDRE/C   n/a            1.000         10.000      9.000      SLICE_X3Y18    U_CPU/slow_clk/count_reg[10]/C
Min Period        n/a     FDRE/C   n/a            1.000         10.000      9.000      SLICE_X3Y18    U_CPU/slow_clk/count_reg[11]/C
Min Period        n/a     FDRE/C   n/a            1.000         10.000      9.000      SLICE_X3Y18    U_CPU/slow_clk/count_reg[12]/C
Min Period        n/a     FDRE/C   n/a            1.000         10.000      9.000      SLICE_X3Y19    U_CPU/slow_clk/count_reg[13]/C
Min Period        n/a     FDRE/C   n/a            1.000         10.000      9.000      SLICE_X3Y19    U_CPU/slow_clk/count_reg[14]/C
Min Period        n/a     FDRE/C   n/a            1.000         10.000      9.000      SLICE_X3Y19    U_CPU/slow_clk/count_reg[15]/C
Min Period        n/a     FDRE/C   n/a            1.000         10.000      9.000      SLICE_X3Y19    U_CPU/slow_clk/count_reg[16]/C
Min Period        n/a     FDRE/C   n/a            1.000         10.000      9.000      SLICE_X3Y20    U_CPU/slow_clk/count_reg[17]/C
Low Pulse Width   Slow    FDRE/C   n/a            0.500         5.000       4.500      SLICE_X3Y18    U_CPU/slow_clk/count_reg[10]/C
Low Pulse Width   Slow    FDRE/C   n/a            0.500         5.000       4.500      SLICE_X3Y18    U_CPU/slow_clk/count_reg[11]/C
Low Pulse Width   Slow    FDRE/C   n/a            0.500         5.000       4.500      SLICE_X3Y18    U_CPU/slow_clk/count_reg[12]/C
Low Pulse Width   Slow    FDRE/C   n/a            0.500         5.000       4.500      SLICE_X3Y19    U_CPU/slow_clk/count_reg[13]/C
Low Pulse Width   Slow    FDRE/C   n/a            0.500         5.000       4.500      SLICE_X3Y19    U_CPU/slow_clk/count_reg[14]/C
Low Pulse Width   Slow    FDRE/C   n/a            0.500         5.000       4.500      SLICE_X3Y19    U_CPU/slow_clk/count_reg[15]/C
Low Pulse Width   Slow    FDRE/C   n/a            0.500         5.000       4.500      SLICE_X3Y19    U_CPU/slow_clk/count_reg[16]/C
Low Pulse Width   Slow    FDRE/C   n/a            0.500         5.000       4.500      SLICE_X3Y20    U_CPU/slow_clk/count_reg[17]/C
Low Pulse Width   Slow    FDRE/C   n/a            0.500         5.000       4.500      SLICE_X3Y20    U_CPU/slow_clk/count_reg[18]/C
Low Pulse Width   Slow    FDRE/C   n/a            0.500         5.000       4.500      SLICE_X3Y20    U_CPU/slow_clk/count_reg[19]/C
High Pulse Width  Slow    FDRE/C   n/a            0.500         5.000       4.500      SLICE_X2Y17    U_CPU/slow_clk/count_reg[0]/C
High Pulse Width  Slow    FDRE/C   n/a            0.500         5.000       4.500      SLICE_X3Y16    U_CPU/slow_clk/count_reg[1]/C
High Pulse Width  Fast    FDRE/C   n/a            0.500         5.000       4.500      SLICE_X3Y16    U_CPU/slow_clk/count_reg[1]/C
High Pulse Width  Slow    FDRE/C   n/a            0.500         5.000       4.500      SLICE_X3Y22    U_CPU/slow_clk/count_reg[25]/C
High Pulse Width  Slow    FDRE/C   n/a            0.500         5.000       4.500      SLICE_X3Y16    U_CPU/slow_clk/count_reg[2]/C
High Pulse Width  Fast    FDRE/C   n/a            0.500         5.000       4.500      SLICE_X3Y16    U_CPU/slow_clk/count_reg[2]/C
High Pulse Width  Slow    FDRE/C   n/a            0.500         5.000       4.500      SLICE_X3Y16    U_CPU/slow_clk/count_reg[3]/C
High Pulse Width  Fast    FDRE/C   n/a            0.500         5.000       4.500      SLICE_X3Y16    U_CPU/slow_clk/count_reg[3]/C
High Pulse Width  Slow    FDRE/C   n/a            0.500         5.000       4.500      SLICE_X3Y16    U_CPU/slow_clk/count_reg[4]/C
High Pulse Width  Fast    FDRE/C   n/a            0.500         5.000       4.500      SLICE_X3Y16    U_CPU/slow_clk/count_reg[4]/C



