Copyright 1986-2018 Xilinx, Inc. All Rights Reserved.
---------------------------------------------------------------------------------------
| Tool Version : Vivado v.2018.1 (win64) Build 2188600 Wed Apr  4 18:40:38 MDT 2018
| Date         : Sun May 10 15:59:42 2026
| Host         : LAPTOP-B9DFRR1L running 64-bit major release  (build 9200)
| Command      : report_control_sets -verbose -file system_top_control_sets_placed.rpt
| Design       : system_top
| Device       : xc7a35t
---------------------------------------------------------------------------------------

Control Set Information

Table of Contents
-----------------
1. Summary
2. Histogram
3. Flip-Flop Distribution
4. Detailed Control Set Information

1. Summary
----------

+----------------------------------------------------------+-------+
|                          Status                          | Count |
+----------------------------------------------------------+-------+
| Number of unique control sets                            |     6 |
| Unused register locations in slices containing registers |    31 |
+----------------------------------------------------------+-------+


2. Histogram
------------

+--------+--------------+
| Fanout | Control Sets |
+--------+--------------+
|      2 |            1 |
|      3 |            1 |
|      4 |            2 |
|    16+ |            2 |
+--------+--------------+


3. Flip-Flop Distribution
-------------------------

+--------------+-----------------------+------------------------+-----------------+--------------+
| Clock Enable | Synchronous Set/Reset | Asynchronous Set/Reset | Total Registers | Total Slices |
+--------------+-----------------------+------------------------+-----------------+--------------+
| No           | No                    | No                     |              19 |            7 |
| No           | No                    | Yes                    |               0 |            0 |
| No           | Yes                   | No                     |              25 |            7 |
| Yes          | No                    | No                     |               0 |            0 |
| Yes          | No                    | Yes                    |              13 |            4 |
| Yes          | Yes                   | No                     |               0 |            0 |
+--------------+-----------------------+------------------------+-----------------+--------------+


4. Detailed Control Set Information
-----------------------------------

+-----------------------+-------------------------------+----------------------------------+------------------+----------------+
|      Clock Signal     |         Enable Signal         |         Set/Reset Signal         | Slice Load Count | Bel Load Count |
+-----------------------+-------------------------------+----------------------------------+------------------+----------------+
|  Clk_100MHz_IBUF_BUFG | U_CPU/u_pc/U1/Z_reg_reg_1     | btnC_IBUF                        |                1 |              2 |
|  Clk_100MHz_IBUF_BUFG | U_CPU/slow_clk/enable         | btnC_IBUF                        |                1 |              3 |
|  Clk_100MHz_IBUF_BUFG | U_CPU/u_pc/U1/reg_reg[0]_0[0] | btnC_IBUF                        |                1 |              4 |
|  Clk_100MHz_IBUF_BUFG | U_CPU/slow_clk/E[0]           | btnC_IBUF                        |                1 |              4 |
|  Clk_100MHz_IBUF_BUFG |                               |                                  |                7 |             19 |
|  Clk_100MHz_IBUF_BUFG |                               | U_CPU/slow_clk/count[25]_i_1_n_0 |                7 |             25 |
+-----------------------+-------------------------------+----------------------------------+------------------+----------------+


