#-----------------------------------------------------------
# Vivado v2018.1 (64-bit)
# SW Build 2188600 on Wed Apr  4 18:40:38 MDT 2018
# IP Build 2185939 on Wed Apr  4 20:55:05 MDT 2018
# Start of session at: Mon May 11 16:33:07 2026
# Process ID: 28608
# Current directory: C:/Drive/Aca/COD/codd project/Nonoprocessor Extended Version/enhanced_version
# Command line: vivado.exe -gui_launcher_event rodinguilauncherevent4304 C:\Drive\Aca\COD\codd project\Nonoprocessor Extended Version\enhanced_version\enhanced_version.xpr
# Log file: C:/Drive/Aca/COD/codd project/Nonoprocessor Extended Version/enhanced_version/vivado.log
# Journal file: C:/Drive/Aca/COD/codd project/Nonoprocessor Extended Version/enhanced_version\vivado.jou
#-----------------------------------------------------------
start_gui
open_project {C:/Drive/Aca/COD/codd project/Nonoprocessor Extended Version/enhanced_version/enhanced_version.xpr}
Scanning sources...
Finished scanning sources
INFO: [IP_Flow 19-234] Refreshing IP repositories
INFO: [IP_Flow 19-1704] No user IP repositories specified
INFO: [IP_Flow 19-2313] Loaded Vivado IP repository 'C:/Xilinx/Vivado/2018.1/data/ip'.
open_project: Time (s): cpu = 00:00:13 ; elapsed = 00:00:08 . Memory (MB): peak = 929.457 ; gain = 175.152
update_compile_order -fileset sources_1
launch_runs impl_1 -to_step write_bitstream -jobs 2
[Mon May 11 16:33:56 2026] Launched impl_1...
Run output will be captured here: C:/Drive/Aca/COD/codd project/Nonoprocessor Extended Version/enhanced_version/enhanced_version.runs/impl_1/runme.log
reset_run synth_1
launch_runs synth_1 -jobs 2
[Mon May 11 16:35:21 2026] Launched synth_1...
Run output will be captured here: C:/Drive/Aca/COD/codd project/Nonoprocessor Extended Version/enhanced_version/enhanced_version.runs/synth_1/runme.log
launch_runs impl_1 -jobs 2
[Mon May 11 16:36:25 2026] Launched impl_1...
Run output will be captured here: C:/Drive/Aca/COD/codd project/Nonoprocessor Extended Version/enhanced_version/enhanced_version.runs/impl_1/runme.log
launch_runs impl_1 -to_step write_bitstream -jobs 2
[Mon May 11 16:37:57 2026] Launched impl_1...
Run output will be captured here: C:/Drive/Aca/COD/codd project/Nonoprocessor Extended Version/enhanced_version/enhanced_version.runs/impl_1/runme.log
reset_run synth_1
launch_runs synth_1 -jobs 2
[Mon May 11 17:56:27 2026] Launched synth_1...
Run output will be captured here: C:/Drive/Aca/COD/codd project/Nonoprocessor Extended Version/enhanced_version/enhanced_version.runs/synth_1/runme.log
launch_runs impl_1 -jobs 2
[Mon May 11 17:57:39 2026] Launched impl_1...
Run output will be captured here: C:/Drive/Aca/COD/codd project/Nonoprocessor Extended Version/enhanced_version/enhanced_version.runs/impl_1/runme.log
exit
INFO: [Common 17-206] Exiting Vivado at Mon May 11 17:59:13 2026...
