Vivado Simulator 2018.1
Copyright 1986-1999, 2001-2017 Xilinx, Inc. All Rights Reserved.
Running: C:/Xilinx/Vivado/2018.1/bin/unwrapped/win64.o/xelab.exe -wto 294d45b0e6c44f15b68e9387b1bb82d7 --incr --debug typical --relax --mt 2 -L xil_defaultlib -L secureip --snapshot Nanoprocessor_tb_behav xil_defaultlib.Nanoprocessor_tb -log elaborate.log 
Using 2 slave threads.
Starting static elaboration
Completed static elaboration
Starting simulation data flow analysis
Completed simulation data flow analysis
Time Resolution for simulation is 1ps
Compiling package std.standard
Compiling package std.textio
Compiling package ieee.std_logic_1164
Compiling package ieee.numeric_std
Compiling architecture behavioral of entity xil_defaultlib.slow_clock [slow_clock_default]
Compiling architecture behavioral of entity xil_defaultlib.program_rom [program_rom_default]
Compiling architecture behavioral of entity xil_defaultlib.instruction_decoder [instruction_decoder_default]
Compiling architecture behavioral of entity xil_defaultlib.pc_register [pc_register_default]
Compiling architecture behavioral of entity xil_defaultlib.HA [ha_default]
Compiling architecture behavioral of entity xil_defaultlib.Adder_3bit [adder_3bit_default]
Compiling architecture behavioral of entity xil_defaultlib.MUX2_3bit [mux2_3bit_default]
Compiling architecture behavioral of entity xil_defaultlib.pc [pc_default]
Compiling architecture behavioral of entity xil_defaultlib.flags [flags_default]
Compiling architecture behavioral of entity xil_defaultlib.decoder_3_to_8 [decoder_3_to_8_default]
Compiling architecture behavioral of entity xil_defaultlib.register_4bit [register_4bit_default]
Compiling architecture behavioral of entity xil_defaultlib.register_bank [register_bank_default]
Compiling architecture behavioral of entity xil_defaultlib.mux8_4bit [mux8_4bit_default]
Compiling architecture behavioral of entity xil_defaultlib.FA [fa_default]
Compiling architecture behavioral of entity xil_defaultlib.RCA_4bit [rca_4bit_default]
Compiling architecture behavioral of entity xil_defaultlib.ADD_SUB_4bit [add_sub_4bit_default]
Compiling architecture behavioral of entity xil_defaultlib.mux2_4bit [mux2_4bit_default]
Compiling architecture behavioral of entity xil_defaultlib.Nanoprocessor [nanoprocessor_default]
Compiling architecture behavioral of entity xil_defaultlib.nanoprocessor_tb
Built simulation snapshot Nanoprocessor_tb_behav
