#-----------------------------------------------------------
# Vivado v2018.1 (64-bit)
# SW Build 2188600 on Wed Apr  4 18:40:38 MDT 2018
# IP Build 2185939 on Wed Apr  4 20:55:05 MDT 2018
# Start of session at: Wed May  6 13:28:37 2026
# Process ID: 28136
# Current directory: C:/Drive/Aca/COD/codd project/final_project/final_project/Nanoprocessor
# Command line: vivado.exe -gui_launcher_event rodinguilauncherevent19808 C:\Drive\Aca\COD\codd project\final_project\final_project\Nanoprocessor\Nanoprocessor.xpr
# Log file: C:/Drive/Aca/COD/codd project/final_project/final_project/Nanoprocessor/vivado.log
# Journal file: C:/Drive/Aca/COD/codd project/final_project/final_project/Nanoprocessor\vivado.jou
#-----------------------------------------------------------
start_gui
open_project {C:/Drive/Aca/COD/codd project/final_project/final_project/Nanoprocessor/Nanoprocessor.xpr}
Scanning sources...
Finished scanning sources
INFO: [IP_Flow 19-234] Refreshing IP repositories
INFO: [IP_Flow 19-1704] No user IP repositories specified
INFO: [IP_Flow 19-2313] Loaded Vivado IP repository 'C:/Xilinx/Vivado/2018.1/data/ip'.
open_project: Time (s): cpu = 00:00:17 ; elapsed = 00:00:14 . Memory (MB): peak = 873.086 ; gain = 148.688
update_compile_order -fileset sources_1
open_run impl_1
INFO: [Netlist 29-17] Analyzing 13 Unisim elements for replacement
INFO: [Netlist 29-28] Unisim Transformation completed in 0 CPU seconds
INFO: [Project 1-479] Netlist was created with Vivado 2018.1
INFO: [Device 21-403] Loading part xc7a35tcpg236-1
INFO: [Project 1-570] Preparing netlist for logic optimization
INFO: [Timing 38-478] Restoring timing data from binary archive.
INFO: [Timing 38-479] Binary timing data restore complete.
INFO: [Project 1-856] Restoring constraints from binary archive.
INFO: [Project 1-853] Binary constraint restore complete.
Reading XDEF placement.
Reading placer database...
Reading XDEF routing.
Read XDEF File: Time (s): cpu = 00:00:00 ; elapsed = 00:00:00.053 . Memory (MB): peak = 1721.160 ; gain = 0.000
Restored from archive | CPU: 0.000000 secs | Memory: 0.000000 MB |
Finished XDEF File Restore: Time (s): cpu = 00:00:00 ; elapsed = 00:00:00.053 . Memory (MB): peak = 1721.160 ; gain = 0.000
INFO: [Project 1-111] Unisim Transformation Summary:
No Unisim elements were transformed.

open_run: Time (s): cpu = 00:00:28 ; elapsed = 00:00:29 . Memory (MB): peak = 1783.641 ; gain = 881.738
open_project {C:/Drive/Aca/COD/codd project/enhanced_version/enhanced_version/enhanced_version/enhanced_version.xpr}
Scanning sources...
Finished scanning sources
INFO: [IP_Flow 19-234] Refreshing IP repositories
INFO: [IP_Flow 19-1704] No user IP repositories specified
INFO: [IP_Flow 19-2313] Loaded Vivado IP repository 'C:/Xilinx/Vivado/2018.1/data/ip'.
open_project: Time (s): cpu = 00:00:07 ; elapsed = 00:00:05 . Memory (MB): peak = 1814.238 ; gain = 11.410
update_compile_order -fileset sources_1
